Archive member included to satisfy reference by file (symbol)

c:/st/stm32cubeide_1.5.1/stm32cubeide/plugins/com.st.stm32cube.ide.mcu.externaltools.gnu-tools-for-stm32.7-2018-q2-update.win32_1.5.0.202011040924/tools/bin/../lib/gcc/arm-none-eabi/7.3.1/../../../../arm-none-eabi/lib/thumb/v7-m\libc_nano.a(lib_a-errno.o)
                              Core/Src/syscalls.o (__errno)
c:/st/stm32cubeide_1.5.1/stm32cubeide/plugins/com.st.stm32cube.ide.mcu.externaltools.gnu-tools-for-stm32.7-2018-q2-update.win32_1.5.0.202011040924/tools/bin/../lib/gcc/arm-none-eabi/7.3.1/../../../../arm-none-eabi/lib/thumb/v7-m\libc_nano.a(lib_a-exit.o)
                              c:/st/stm32cubeide_1.5.1/stm32cubeide/plugins/com.st.stm32cube.ide.mcu.externaltools.gnu-tools-for-stm32.7-2018-q2-update.win32_1.5.0.202011040924/tools/bin/../lib/gcc/arm-none-eabi/7.3.1/../../../../arm-none-eabi/lib/thumb/v7-m/crt0.o (exit)
c:/st/stm32cubeide_1.5.1/stm32cubeide/plugins/com.st.stm32cube.ide.mcu.externaltools.gnu-tools-for-stm32.7-2018-q2-update.win32_1.5.0.202011040924/tools/bin/../lib/gcc/arm-none-eabi/7.3.1/../../../../arm-none-eabi/lib/thumb/v7-m\libc_nano.a(lib_a-impure.o)
                              c:/st/stm32cubeide_1.5.1/stm32cubeide/plugins/com.st.stm32cube.ide.mcu.externaltools.gnu-tools-for-stm32.7-2018-q2-update.win32_1.5.0.202011040924/tools/bin/../lib/gcc/arm-none-eabi/7.3.1/../../../../arm-none-eabi/lib/thumb/v7-m\libc_nano.a(lib_a-exit.o) (_global_impure_ptr)
c:/st/stm32cubeide_1.5.1/stm32cubeide/plugins/com.st.stm32cube.ide.mcu.externaltools.gnu-tools-for-stm32.7-2018-q2-update.win32_1.5.0.202011040924/tools/bin/../lib/gcc/arm-none-eabi/7.3.1/../../../../arm-none-eabi/lib/thumb/v7-m\libc_nano.a(lib_a-init.o)
                              c:/st/stm32cubeide_1.5.1/stm32cubeide/plugins/com.st.stm32cube.ide.mcu.externaltools.gnu-tools-for-stm32.7-2018-q2-update.win32_1.5.0.202011040924/tools/bin/../lib/gcc/arm-none-eabi/7.3.1/../../../../arm-none-eabi/lib/thumb/v7-m/crt0.o (__libc_init_array)
c:/st/stm32cubeide_1.5.1/stm32cubeide/plugins/com.st.stm32cube.ide.mcu.externaltools.gnu-tools-for-stm32.7-2018-q2-update.win32_1.5.0.202011040924/tools/bin/../lib/gcc/arm-none-eabi/7.3.1/../../../../arm-none-eabi/lib/thumb/v7-m\libc_nano.a(lib_a-memcpy-stub.o)
                              Middlewares/Third_Party/FreeRTOS/Source/CMSIS_RTOS_V2/cmsis_os2.o (memcpy)
c:/st/stm32cubeide_1.5.1/stm32cubeide/plugins/com.st.stm32cube.ide.mcu.externaltools.gnu-tools-for-stm32.7-2018-q2-update.win32_1.5.0.202011040924/tools/bin/../lib/gcc/arm-none-eabi/7.3.1/../../../../arm-none-eabi/lib/thumb/v7-m\libc_nano.a(lib_a-memset.o)
                              c:/st/stm32cubeide_1.5.1/stm32cubeide/plugins/com.st.stm32cube.ide.mcu.externaltools.gnu-tools-for-stm32.7-2018-q2-update.win32_1.5.0.202011040924/tools/bin/../lib/gcc/arm-none-eabi/7.3.1/../../../../arm-none-eabi/lib/thumb/v7-m/crt0.o (memset)
c:/st/stm32cubeide_1.5.1/stm32cubeide/plugins/com.st.stm32cube.ide.mcu.externaltools.gnu-tools-for-stm32.7-2018-q2-update.win32_1.5.0.202011040924/tools/bin/../lib/gcc/arm-none-eabi/7.3.1/../../../../arm-none-eabi/lib/thumb/v7-m\libc_nano.a(lib_a-printf.o)
                              lwow/Src/scan_devices.o (printf)
c:/st/stm32cubeide_1.5.1/stm32cubeide/plugins/com.st.stm32cube.ide.mcu.externaltools.gnu-tools-for-stm32.7-2018-q2-update.win32_1.5.0.202011040924/tools/bin/../lib/gcc/arm-none-eabi/7.3.1/../../../../arm-none-eabi/lib/thumb/v7-m\libc_nano.a(lib_a-puts.o)
                              Core/Src/main.o (puts)
c:/st/stm32cubeide_1.5.1/stm32cubeide/plugins/com.st.stm32cube.ide.mcu.externaltools.gnu-tools-for-stm32.7-2018-q2-update.win32_1.5.0.202011040924/tools/bin/../lib/gcc/arm-none-eabi/7.3.1/../../../../arm-none-eabi/lib/thumb/v7-m\libc_nano.a(lib_a-vprintf.o)
                              Core/Src/main.o (vprintf)
c:/st/stm32cubeide_1.5.1/stm32cubeide/plugins/com.st.stm32cube.ide.mcu.externaltools.gnu-tools-for-stm32.7-2018-q2-update.win32_1.5.0.202011040924/tools/bin/../lib/gcc/arm-none-eabi/7.3.1/../../../../arm-none-eabi/lib/thumb/v7-m\libc_nano.a(lib_a-wbuf.o)
                              c:/st/stm32cubeide_1.5.1/stm32cubeide/plugins/com.st.stm32cube.ide.mcu.externaltools.gnu-tools-for-stm32.7-2018-q2-update.win32_1.5.0.202011040924/tools/bin/../lib/gcc/arm-none-eabi/7.3.1/../../../../arm-none-eabi/lib/thumb/v7-m\libc_nano.a(lib_a-puts.o) (__swbuf_r)
c:/st/stm32cubeide_1.5.1/stm32cubeide/plugins/com.st.stm32cube.ide.mcu.externaltools.gnu-tools-for-stm32.7-2018-q2-update.win32_1.5.0.202011040924/tools/bin/../lib/gcc/arm-none-eabi/7.3.1/../../../../arm-none-eabi/lib/thumb/v7-m\libc_nano.a(lib_a-wsetup.o)
                              c:/st/stm32cubeide_1.5.1/stm32cubeide/plugins/com.st.stm32cube.ide.mcu.externaltools.gnu-tools-for-stm32.7-2018-q2-update.win32_1.5.0.202011040924/tools/bin/../lib/gcc/arm-none-eabi/7.3.1/../../../../arm-none-eabi/lib/thumb/v7-m\libc_nano.a(lib_a-puts.o) (__swsetup_r)
[...]
Memory Configuration

Name             Origin             Length             Attributes
RAM              0x0000000020000000 0x0000000000020000 xrw
FLASH            0x0000000008000000 0x0000000000100000 xr
*default*        0x0000000000000000 0xffffffffffffffff

Linker script and memory map

LOAD c:/st/stm32cubeide_1.5.1/stm32cubeide/plugins/com.st.stm32cube.ide.mcu.externaltools.gnu-tools-for-stm32.7-2018-q2-update.win32_1.5.0.202011040924/tools/bin/../lib/gcc/arm-none-eabi/7.3.1/thumb/v7-m/crti.o
LOAD c:/st/stm32cubeide_1.5.1/stm32cubeide/plugins/com.st.stm32cube.ide.mcu.externaltools.gnu-tools-for-stm32.7-2018-q2-update.win32_1.5.0.202011040924/tools/bin/../lib/gcc/arm-none-eabi/7.3.1/thumb/v7-m/crtbegin.o
LOAD c:/st/stm32cubeide_1.5.1/stm32cubeide/plugins/com.st.stm32cube.ide.mcu.externaltools.gnu-tools-for-stm32.7-2018-q2-update.win32_1.5.0.202011040924/tools/bin/../lib/gcc/arm-none-eabi/7.3.1/../../../../arm-none-eabi/lib/thumb/v7-m/crt0.o
LOAD Core/Src/freertos.o
LOAD Core/Src/main.o
LOAD Core/Src/stm32f2xx_hal_msp.o
LOAD Core/Src/stm32f2xx_hal_timebase_tim.o
LOAD Core/Src/stm32f2xx_it.o
LOAD Core/Src/syscalls.o
LOAD Core/Src/sysmem.o
LOAD Core/Src/system_stm32f2xx.o
LOAD Core/Startup/startup_stm32f207zgtx.o
LOAD Drivers/STM32F2xx_HAL_Driver/Src/stm32f2xx_hal.o
LOAD Drivers/STM32F2xx_HAL_Driver/Src/stm32f2xx_hal_cortex.o
LOAD Drivers/STM32F2xx_HAL_Driver/Src/stm32f2xx_hal_dma.o
LOAD Drivers/STM32F2xx_HAL_Driver/Src/stm32f2xx_hal_dma_ex.o
LOAD Drivers/STM32F2xx_HAL_Driver/Src/stm32f2xx_hal_exti.o
LOAD Drivers/STM32F2xx_HAL_Driver/Src/stm32f2xx_hal_flash.o
LOAD Drivers/STM32F2xx_HAL_Driver/Src/stm32f2xx_hal_flash_ex.o
LOAD Drivers/STM32F2xx_HAL_Driver/Src/stm32f2xx_hal_gpio.o
LOAD Drivers/STM32F2xx_HAL_Driver/Src/stm32f2xx_hal_pwr.o
LOAD Drivers/STM32F2xx_HAL_Driver/Src/stm32f2xx_hal_pwr_ex.o
LOAD Drivers/STM32F2xx_HAL_Driver/Src/stm32f2xx_hal_rcc.o
LOAD Drivers/STM32F2xx_HAL_Driver/Src/stm32f2xx_hal_rcc_ex.o
LOAD Drivers/STM32F2xx_HAL_Driver/Src/stm32f2xx_hal_tim.o
LOAD Drivers/STM32F2xx_HAL_Driver/Src/stm32f2xx_hal_tim_ex.o
LOAD Drivers/STM32F2xx_HAL_Driver/Src/stm32f2xx_hal_uart.o
LOAD Middlewares/Third_Party/FreeRTOS/Source/CMSIS_RTOS_V2/cmsis_os2.o
LOAD Middlewares/Third_Party/FreeRTOS/Source/croutine.o
LOAD Middlewares/Third_Party/FreeRTOS/Source/event_groups.o
LOAD Middlewares/Third_Party/FreeRTOS/Source/list.o
LOAD Middlewares/Third_Party/FreeRTOS/Source/queue.o
LOAD Middlewares/Third_Party/FreeRTOS/Source/stream_buffer.o
LOAD Middlewares/Third_Party/FreeRTOS/Source/tasks.o
LOAD Middlewares/Third_Party/FreeRTOS/Source/timers.o
LOAD Middlewares/Third_Party/FreeRTOS/Source/portable/GCC/ARM_CM3/port.o
LOAD Middlewares/Third_Party/FreeRTOS/Source/portable/MemMang/heap_4.o
LOAD lwow/Devices/lwow_device_ds18x20.o
LOAD lwow/Src/lwow.o
LOAD lwow/Src/lwow_ll_stm32_hal.o
LOAD lwow/Src/lwow_sys_cmsis_os.o
LOAD lwow/Src/scan_devices.o
START GROUP
LOAD c:/st/stm32cubeide_1.5.1/stm32cubeide/plugins/com.st.stm32cube.ide.mcu.externaltools.gnu-tools-for-stm32.7-2018-q2-update.win32_1.5.0.202011040924/tools/bin/../lib/gcc/arm-none-eabi/7.3.1/../../../../arm-none-eabi/lib/thumb/v7-m\libc_nano.a
LOAD c:/st/stm32cubeide_1.5.1/stm32cubeide/plugins/com.st.stm32cube.ide.mcu.externaltools.gnu-tools-for-stm32.7-2018-q2-update.win32_1.5.0.202011040924/tools/bin/../lib/gcc/arm-none-eabi/7.3.1/../../../../arm-none-eabi/lib/thumb/v7-m\libm.a
END GROUP
START GROUP
LOAD c:/st/stm32cubeide_1.5.1/stm32cubeide/plugins/com.st.stm32cube.ide.mcu.externaltools.gnu-tools-for-stm32.7-2018-q2-update.win32_1.5.0.202011040924/tools/bin/../lib/gcc/arm-none-eabi/7.3.1/thumb/v7-m\libgcc.a
LOAD c:/st/stm32cubeide_1.5.1/stm32cubeide/plugins/com.st.stm32cube.ide.mcu.externaltools.gnu-tools-for-stm32.7-2018-q2-update.win32_1.5.0.202011040924/tools/bin/../lib/gcc/arm-none-eabi/7.3.1/../../../../arm-none-eabi/lib/thumb/v7-m\libc_nano.a
END GROUP
START GROUP
LOAD c:/st/stm32cubeide_1.5.1/stm32cubeide/plugins/com.st.stm32cube.ide.mcu.externaltools.gnu-tools-for-stm32.7-2018-q2-update.win32_1.5.0.202011040924/tools/bin/../lib/gcc/arm-none-eabi/7.3.1/thumb/v7-m\libgcc.a
LOAD c:/st/stm32cubeide_1.5.1/stm32cubeide/plugins/com.st.stm32cube.ide.mcu.externaltools.gnu-tools-for-stm32.7-2018-q2-update.win32_1.5.0.202011040924/tools/bin/../lib/gcc/arm-none-eabi/7.3.1/../../../../arm-none-eabi/lib/thumb/v7-m\libc_nano.a
LOAD c:/st/stm32cubeide_1.5.1/stm32cubeide/plugins/com.st.stm32cube.ide.mcu.externaltools.gnu-tools-for-stm32.7-2018-q2-update.win32_1.5.0.202011040924/tools/bin/../lib/gcc/arm-none-eabi/7.3.1/../../../../arm-none-eabi/lib/thumb/v7-m\libnosys.a
END GROUP
START GROUP
LOAD c:/st/stm32cubeide_1.5.1/stm32cubeide/plugins/com.st.stm32cube.ide.mcu.externaltools.gnu-tools-for-stm32.7-2018-q2-update.win32_1.5.0.202011040924/tools/bin/../lib/gcc/arm-none-eabi/7.3.1/thumb/v7-m\libgcc.a
LOAD c:/st/stm32cubeide_1.5.1/stm32cubeide/plugins/com.st.stm32cube.ide.mcu.externaltools.gnu-tools-for-stm32.7-2018-q2-update.win32_1.5.0.202011040924/tools/bin/../lib/gcc/arm-none-eabi/7.3.1/../../../../arm-none-eabi/lib/thumb/v7-m\libc_nano.a
LOAD c:/st/stm32cubeide_1.5.1/stm32cubeide/plugins/com.st.stm32cube.ide.mcu.externaltools.gnu-tools-for-stm32.7-2018-q2-update.win32_1.5.0.202011040924/tools/bin/../lib/gcc/arm-none-eabi/7.3.1/../../../../arm-none-eabi/lib/thumb/v7-m\libnosys.a
END GROUP
LOAD c:/st/stm32cubeide_1.5.1/stm32cubeide/plugins/com.st.stm32cube.ide.mcu.externaltools.gnu-tools-for-stm32.7-2018-q2-update.win32_1.5.0.202011040924/tools/bin/../lib/gcc/arm-none-eabi/7.3.1/thumb/v7-m/crtend.o
LOAD c:/st/stm32cubeide_1.5.1/stm32cubeide/plugins/com.st.stm32cube.ide.mcu.externaltools.gnu-tools-for-stm32.7-2018-q2-update.win32_1.5.0.202011040924/tools/bin/../lib/gcc/arm-none-eabi/7.3.1/thumb/v7-m/crtn.o
                0x0000000020020000                _estack = (ORIGIN (RAM) + LENGTH (RAM))
                0x0000000000000200                _Min_Heap_Size = 0x200
                0x0000000000000400                _Min_Stack_Size = 0x400

.isr_vector     0x0000000008000000      0x184
                0x0000000008000000                . = ALIGN (0x4)
 *(.isr_vector)
 .isr_vector    0x0000000008000000      0x184 Core/Startup/startup_stm32f207zgtx.o
                0x0000000008000000                g_pfnVectors
                0x0000000008000184                . = ALIGN (0x4)

.text           0x0000000008000190     0x83d4
                0x0000000008000190                . = ALIGN (0x4)
 *(.text)
 .text          0x0000000008000190       0x40 c:/st/stm32cubeide_1.5.1/stm32cubeide/plugins/com.st.stm32cube.ide.mcu.externaltools.gnu-tools-for-stm32.7-2018-q2-update.win32_1.5.0.202011040924/tools/bin/../lib/gcc/arm-none-eabi/7.3.1/thumb/v7-m/crtbegin.o
 .text          0x00000000080001d0       0x30 c:/st/stm32cubeide_1.5.1/stm32cubeide/plugins/com.st.stm32cube.ide.mcu.externaltools.gnu-tools-for-stm32.7-2018-q2-update.win32_1.5.0.202011040924/tools/bin/../lib/gcc/arm-none-eabi/7.3.1/thumb/v7-m\libgcc.a(_aeabi_uldivmod.o)
                0x00000000080001d0                __aeabi_uldivmod
 .text          0x0000000008000200      0x2d0 c:/st/stm32cubeide_1.5.1/stm32cubeide/plugins/com.st.stm32cube.ide.mcu.externaltools.gnu-tools-for-stm32.7-2018-q2-update.win32_1.5.0.202011040924/tools/bin/../lib/gcc/arm-none-eabi/7.3.1/thumb/v7-m\libgcc.a(_udivmoddi4.o)
                0x0000000008000200                __udivmoddi4
 .text          0x00000000080004d0        0x4 c:/st/stm32cubeide_1.5.1/stm32cubeide/plugins/com.st.stm32cube.ide.mcu.externaltools.gnu-tools-for-stm32.7-2018-q2-update.win32_1.5.0.202011040924/tools/bin/../lib/gcc/arm-none-eabi/7.3.1/thumb/v7-m\libgcc.a(_dvmd_tls.o)
                0x00000000080004d0                __aeabi_idiv0
                0x00000000080004d0                __aeabi_ldiv0
 *(.text*)
 .text.safeprintf
                0x00000000080004d4       0x2c Core/Src/main.o
                0x00000000080004d4                safeprintf
 .text.main     0x0000000008000500       0x80 Core/Src/main.o
                0x0000000008000500                main
 .text.SystemClock_Config
                0x0000000008000580       0x8e Core/Src/main.o
                0x0000000008000580                SystemClock_Config
 *fill*         0x000000000800060e        0x2 
 .text.MX_USART1_UART_Init
                0x0000000008000610       0x54 Core/Src/main.o
 .text.MX_USART2_UART_Init
                0x0000000008000664       0x54 Core/Src/main.o
 .text.MX_USART3_UART_Init
                0x00000000080006b8       0x54 Core/Src/main.o
 .text.MX_USART6_UART_Init
                0x000000000800070c       0x54 Core/Src/main.o
 .text.MX_DMA_Init
                0x0000000008000760       0xac Core/Src/main.o
 .text.MX_GPIO_Init
                0x000000000800080c      0x130 Core/Src/main.o
 .text.__io_putchar
                0x000000000800093c       0x2c Core/Src/main.o
                0x000000000800093c                __io_putchar
 .text.start_lwow_task
                0x0000000008000968       0xb8 Core/Src/main.o
                0x0000000008000968                start_lwow_task
 .text.HAL_TIM_PeriodElapsedCallback
                0x0000000008000a20       0x24 Core/Src/main.o
                0x0000000008000a20                HAL_TIM_PeriodElapsedCallback
 .text.Error_Handler
                0x0000000008000a44        0x8 Core/Src/main.o
                0x0000000008000a44                Error_Handler
 .text.HAL_MspInit
                0x0000000008000a4c       0x58 Core/Src/stm32f2xx_hal_msp.o
                0x0000000008000a4c                HAL_MspInit
 .text.HAL_UART_MspInit
                0x0000000008000aa4      0x478 Core/Src/stm32f2xx_hal_msp.o
                0x0000000008000aa4                HAL_UART_MspInit
 .text.HAL_UART_MspDeInit
                0x0000000008000f1c      0x108 Core/Src/stm32f2xx_hal_msp.o
                0x0000000008000f1c                HAL_UART_MspDeInit
 .text.HAL_InitTick
                0x0000000008001024       0xb4 Core/Src/stm32f2xx_hal_timebase_tim.o
                0x0000000008001024                HAL_InitTick
 .text.NMI_Handler
                0x00000000080010d8        0x6 Core/Src/stm32f2xx_it.o
                0x00000000080010d8                NMI_Handler
 .text.HardFault_Handler
                0x00000000080010de        0x6 Core/Src/stm32f2xx_it.o
                0x00000000080010de                HardFault_Handler
 .text.MemManage_Handler
                0x00000000080010e4        0x6 Core/Src/stm32f2xx_it.o
                0x00000000080010e4                MemManage_Handler
 .text.BusFault_Handler
                0x00000000080010ea        0x6 Core/Src/stm32f2xx_it.o
                0x00000000080010ea                BusFault_Handler
 .text.UsageFault_Handler
                0x00000000080010f0        0x6 Core/Src/stm32f2xx_it.o
                0x00000000080010f0                UsageFault_Handler
 .text.DebugMon_Handler
                0x00000000080010f6        0xc Core/Src/stm32f2xx_it.o
                0x00000000080010f6                DebugMon_Handler
 *fill*         0x0000000008001102        0x2 
 .text.DMA1_Stream5_IRQHandler
                0x0000000008001104       0x14 Core/Src/stm32f2xx_it.o
                0x0000000008001104                DMA1_Stream5_IRQHandler
 .text.DMA1_Stream6_IRQHandler
                0x0000000008001118       0x14 Core/Src/stm32f2xx_it.o
                0x0000000008001118                DMA1_Stream6_IRQHandler
 .text.USART1_IRQHandler
                0x000000000800112c       0x14 Core/Src/stm32f2xx_it.o
                0x000000000800112c                USART1_IRQHandler
 .text.USART2_IRQHandler
                0x0000000008001140       0x14 Core/Src/stm32f2xx_it.o
                0x0000000008001140                USART2_IRQHandler
 .text.USART3_IRQHandler
                0x0000000008001154       0x14 Core/Src/stm32f2xx_it.o
                0x0000000008001154                USART3_IRQHandler
 .text.TIM6_DAC_IRQHandler
                0x0000000008001168       0x14 Core/Src/stm32f2xx_it.o
                0x0000000008001168                TIM6_DAC_IRQHandler
 .text.DMA2_Stream1_IRQHandler
                0x000000000800117c       0x14 Core/Src/stm32f2xx_it.o
                0x000000000800117c                DMA2_Stream1_IRQHandler
 .text.DMA2_Stream2_IRQHandler
                0x0000000008001190       0x14 Core/Src/stm32f2xx_it.o
                0x0000000008001190                DMA2_Stream2_IRQHandler
 .text.DMA2_Stream6_IRQHandler
                0x00000000080011a4       0x14 Core/Src/stm32f2xx_it.o
                0x00000000080011a4                DMA2_Stream6_IRQHandler
 .text.DMA2_Stream7_IRQHandler
                0x00000000080011b8       0x14 Core/Src/stm32f2xx_it.o
                0x00000000080011b8                DMA2_Stream7_IRQHandler
 .text.USART6_IRQHandler
                0x00000000080011cc       0x14 Core/Src/stm32f2xx_it.o
                0x00000000080011cc                USART6_IRQHandler
 .text._read    0x00000000080011e0       0x3a Core/Src/syscalls.o
                0x00000000080011e0                _read
 .text._write   0x000000000800121a       0x38 Core/Src/syscalls.o
                0x000000000800121a                _write
 .text._close   0x0000000008001252       0x16 Core/Src/syscalls.o
                0x0000000008001252                _close
 .text._fstat   0x0000000008001268       0x1e Core/Src/syscalls.o
                0x0000000008001268                _fstat
 .text._isatty  0x0000000008001286       0x14 Core/Src/syscalls.o
                0x0000000008001286                _isatty
 .text._lseek   0x000000000800129a       0x18 Core/Src/syscalls.o
                0x000000000800129a                _lseek
 *fill*         0x00000000080012b2        0x2 
 .text._sbrk    0x00000000080012b4       0x6c Core/Src/sysmem.o
                0x00000000080012b4                _sbrk
 .text.SystemInit
                0x0000000008001320        0xc Core/Src/system_stm32f2xx.o
                0x0000000008001320                SystemInit
 .text.Reset_Handler
                0x000000000800132c       0x50 Core/Startup/startup_stm32f207zgtx.o
                0x000000000800132c                Reset_Handler
 .text.Default_Handler
                0x000000000800137c        0x2 Core/Startup/startup_stm32f207zgtx.o
                0x000000000800137c                RTC_Alarm_IRQHandler
                0x000000000800137c                HASH_RNG_IRQHandler
                0x000000000800137c                EXTI2_IRQHandler
                0x000000000800137c                TIM8_CC_IRQHandler
                0x000000000800137c                TIM1_CC_IRQHandler
                0x000000000800137c                DMA2_Stream5_IRQHandler
                0x000000000800137c                PVD_IRQHandler
                0x000000000800137c                SDIO_IRQHandler
                0x000000000800137c                TAMP_STAMP_IRQHandler
                0x000000000800137c                CAN2_RX1_IRQHandler
                0x000000000800137c                EXTI3_IRQHandler
                0x000000000800137c                TIM8_TRG_COM_TIM14_IRQHandler
                0x000000000800137c                TIM1_UP_TIM10_IRQHandler
                0x000000000800137c                TIM8_UP_TIM13_IRQHandler
                0x000000000800137c                I2C3_ER_IRQHandler
                0x000000000800137c                EXTI0_IRQHandler
                0x000000000800137c                I2C2_EV_IRQHandler
                0x000000000800137c                DMA1_Stream2_IRQHandler
                0x000000000800137c                CAN1_RX0_IRQHandler
                0x000000000800137c                OTG_HS_WKUP_IRQHandler
                0x000000000800137c                CAN2_SCE_IRQHandler
                0x000000000800137c                SPI1_IRQHandler
                0x000000000800137c                TIM1_BRK_TIM9_IRQHandler
                0x000000000800137c                DCMI_IRQHandler
                0x000000000800137c                CAN2_RX0_IRQHandler
                0x000000000800137c                DMA2_Stream3_IRQHandler
                0x000000000800137c                CAN1_RX1_IRQHandler
                0x000000000800137c                UART5_IRQHandler
                0x000000000800137c                DMA2_Stream0_IRQHandler
                0x000000000800137c                TIM4_IRQHandler
                0x000000000800137c                I2C1_EV_IRQHandler
                0x000000000800137c                DMA1_Stream1_IRQHandler
                0x000000000800137c                UART4_IRQHandler
                0x000000000800137c                TIM3_IRQHandler
                0x000000000800137c                RCC_IRQHandler
                0x000000000800137c                TIM8_BRK_TIM12_IRQHandler
                0x000000000800137c                Default_Handler
                0x000000000800137c                EXTI15_10_IRQHandler
                0x000000000800137c                ADC_IRQHandler
                0x000000000800137c                DMA1_Stream7_IRQHandler
                0x000000000800137c                TIM7_IRQHandler
                0x000000000800137c                CAN2_TX_IRQHandler
                0x000000000800137c                TIM5_IRQHandler
                0x000000000800137c                I2C3_EV_IRQHandler
                0x000000000800137c                EXTI9_5_IRQHandler
                0x000000000800137c                RTC_WKUP_IRQHandler
                0x000000000800137c                ETH_WKUP_IRQHandler
                0x000000000800137c                SPI2_IRQHandler
                0x000000000800137c                OTG_HS_EP1_IN_IRQHandler
                0x000000000800137c                DMA1_Stream0_IRQHandler
                0x000000000800137c                CAN1_TX_IRQHandler
                0x000000000800137c                EXTI4_IRQHandler
                0x000000000800137c                FSMC_IRQHandler
                0x000000000800137c                ETH_IRQHandler
                0x000000000800137c                OTG_HS_EP1_OUT_IRQHandler
                0x000000000800137c                WWDG_IRQHandler
                0x000000000800137c                TIM2_IRQHandler
                0x000000000800137c                OTG_FS_WKUP_IRQHandler
                0x000000000800137c                TIM1_TRG_COM_TIM11_IRQHandler
                0x000000000800137c                OTG_HS_IRQHandler
                0x000000000800137c                EXTI1_IRQHandler
                0x000000000800137c                I2C2_ER_IRQHandler
                0x000000000800137c                CAN1_SCE_IRQHandler
                0x000000000800137c                FLASH_IRQHandler
                0x000000000800137c                DMA2_Stream4_IRQHandler
                0x000000000800137c                OTG_FS_IRQHandler
                0x000000000800137c                SPI3_IRQHandler
                0x000000000800137c                DMA1_Stream4_IRQHandler
                0x000000000800137c                I2C1_ER_IRQHandler
                0x000000000800137c                DMA1_Stream3_IRQHandler
 *fill*         0x000000000800137e        0x2 
 .text.HAL_Init
                0x0000000008001380       0x44 Drivers/STM32F2xx_HAL_Driver/Src/stm32f2xx_hal.o
                0x0000000008001380                HAL_Init
 .text.HAL_IncTick
                0x00000000080013c4       0x24 Drivers/STM32F2xx_HAL_Driver/Src/stm32f2xx_hal.o
                0x00000000080013c4                HAL_IncTick
 .text.HAL_GetTick
                0x00000000080013e8       0x14 Drivers/STM32F2xx_HAL_Driver/Src/stm32f2xx_hal.o
                0x00000000080013e8                HAL_GetTick
 .text.__NVIC_SetPriorityGrouping
                0x00000000080013fc       0x48 Drivers/STM32F2xx_HAL_Driver/Src/stm32f2xx_hal_cortex.o
 .text.__NVIC_GetPriorityGrouping
                0x0000000008001444       0x1c Drivers/STM32F2xx_HAL_Driver/Src/stm32f2xx_hal_cortex.o
 .text.__NVIC_EnableIRQ
                0x0000000008001460       0x38 Drivers/STM32F2xx_HAL_Driver/Src/stm32f2xx_hal_cortex.o
 .text.__NVIC_DisableIRQ
                0x0000000008001498       0x44 Drivers/STM32F2xx_HAL_Driver/Src/stm32f2xx_hal_cortex.o
 .text.__NVIC_SetPriority
                0x00000000080014dc       0x54 Drivers/STM32F2xx_HAL_Driver/Src/stm32f2xx_hal_cortex.o
 .text.NVIC_EncodePriority
                0x0000000008001530       0x64 Drivers/STM32F2xx_HAL_Driver/Src/stm32f2xx_hal_cortex.o
 .text.HAL_NVIC_SetPriorityGrouping
                0x0000000008001594       0x16 Drivers/STM32F2xx_HAL_Driver/Src/stm32f2xx_hal_cortex.o
                0x0000000008001594                HAL_NVIC_SetPriorityGrouping
 .text.HAL_NVIC_SetPriority
                0x00000000080015aa       0x38 Drivers/STM32F2xx_HAL_Driver/Src/stm32f2xx_hal_cortex.o
                0x00000000080015aa                HAL_NVIC_SetPriority
 .text.HAL_NVIC_EnableIRQ
                0x00000000080015e2       0x1c Drivers/STM32F2xx_HAL_Driver/Src/stm32f2xx_hal_cortex.o
                0x00000000080015e2                HAL_NVIC_EnableIRQ
 .text.HAL_NVIC_DisableIRQ
                0x00000000080015fe       0x1c Drivers/STM32F2xx_HAL_Driver/Src/stm32f2xx_hal_cortex.o
                0x00000000080015fe                HAL_NVIC_DisableIRQ
 *fill*         0x000000000800161a        0x2 
 .text.HAL_DMA_Init
                0x000000000800161c      0x15c Drivers/STM32F2xx_HAL_Driver/Src/stm32f2xx_hal_dma.o
                0x000000000800161c                HAL_DMA_Init
 .text.HAL_DMA_DeInit
                0x0000000008001778       0xbc Drivers/STM32F2xx_HAL_Driver/Src/stm32f2xx_hal_dma.o
                0x0000000008001778                HAL_DMA_DeInit
 .text.HAL_DMA_Abort_IT
                0x0000000008001834       0x42 Drivers/STM32F2xx_HAL_Driver/Src/stm32f2xx_hal_dma.o
                0x0000000008001834                HAL_DMA_Abort_IT
 *fill*         0x0000000008001876        0x2 
 .text.HAL_DMA_IRQHandler
                0x0000000008001878      0x314 Drivers/STM32F2xx_HAL_Driver/Src/stm32f2xx_hal_dma.o
                0x0000000008001878                HAL_DMA_IRQHandler
 .text.DMA_CalcBaseAndBitshift
                0x0000000008001b8c       0x68 Drivers/STM32F2xx_HAL_Driver/Src/stm32f2xx_hal_dma.o
 .text.DMA_CheckFifoParam
                0x0000000008001bf4       0xf4 Drivers/STM32F2xx_HAL_Driver/Src/stm32f2xx_hal_dma.o
 .text.HAL_GPIO_Init
                0x0000000008001ce8      0x33c Drivers/STM32F2xx_HAL_Driver/Src/stm32f2xx_hal_gpio.o
                0x0000000008001ce8                HAL_GPIO_Init
 .text.HAL_GPIO_DeInit
                0x0000000008002024      0x1f8 Drivers/STM32F2xx_HAL_Driver/Src/stm32f2xx_hal_gpio.o
                0x0000000008002024                HAL_GPIO_DeInit
 .text.HAL_GPIO_WritePin
                0x000000000800221c       0x30 Drivers/STM32F2xx_HAL_Driver/Src/stm32f2xx_hal_gpio.o
                0x000000000800221c                HAL_GPIO_WritePin
 .text.HAL_RCC_OscConfig
                0x000000000800224c      0x4a0 Drivers/STM32F2xx_HAL_Driver/Src/stm32f2xx_hal_rcc.o
                0x000000000800224c                HAL_RCC_OscConfig
 .text.HAL_RCC_ClockConfig
                0x00000000080026ec      0x1d8 Drivers/STM32F2xx_HAL_Driver/Src/stm32f2xx_hal_rcc.o
                0x00000000080026ec                HAL_RCC_ClockConfig
 .text.HAL_RCC_GetSysClockFreq
                0x00000000080028c4      0x1b0 Drivers/STM32F2xx_HAL_Driver/Src/stm32f2xx_hal_rcc.o
                0x00000000080028c4                HAL_RCC_GetSysClockFreq
 .text.HAL_RCC_GetHCLKFreq
                0x0000000008002a74       0x14 Drivers/STM32F2xx_HAL_Driver/Src/stm32f2xx_hal_rcc.o
                0x0000000008002a74                HAL_RCC_GetHCLKFreq
 .text.HAL_RCC_GetPCLK1Freq
                0x0000000008002a88       0x44 Drivers/STM32F2xx_HAL_Driver/Src/stm32f2xx_hal_rcc.o
                0x0000000008002a88                HAL_RCC_GetPCLK1Freq
 .text.HAL_RCC_GetPCLK2Freq
                0x0000000008002acc       0x44 Drivers/STM32F2xx_HAL_Driver/Src/stm32f2xx_hal_rcc.o
                0x0000000008002acc                HAL_RCC_GetPCLK2Freq
 .text.HAL_RCC_GetClockConfig
                0x0000000008002b10       0x60 Drivers/STM32F2xx_HAL_Driver/Src/stm32f2xx_hal_rcc.o
                0x0000000008002b10                HAL_RCC_GetClockConfig
 .text.HAL_TIM_Base_Init
                0x0000000008002b70       0x9e Drivers/STM32F2xx_HAL_Driver/Src/stm32f2xx_hal_tim.o
                0x0000000008002b70                HAL_TIM_Base_Init
 .text.HAL_TIM_Base_MspInit
                0x0000000008002c0e       0x12 Drivers/STM32F2xx_HAL_Driver/Src/stm32f2xx_hal_tim.o
                0x0000000008002c0e                HAL_TIM_Base_MspInit
 .text.HAL_TIM_Base_Start_IT
                0x0000000008002c20       0xdc Drivers/STM32F2xx_HAL_Driver/Src/stm32f2xx_hal_tim.o
                0x0000000008002c20                HAL_TIM_Base_Start_IT
 .text.HAL_TIM_IRQHandler
                0x0000000008002cfc      0x210 Drivers/STM32F2xx_HAL_Driver/Src/stm32f2xx_hal_tim.o
                0x0000000008002cfc                HAL_TIM_IRQHandler
 .text.HAL_TIM_OC_DelayElapsedCallback
                0x0000000008002f0c       0x12 Drivers/STM32F2xx_HAL_Driver/Src/stm32f2xx_hal_tim.o
                0x0000000008002f0c                HAL_TIM_OC_DelayElapsedCallback
 .text.HAL_TIM_IC_CaptureCallback
                0x0000000008002f1e       0x12 Drivers/STM32F2xx_HAL_Driver/Src/stm32f2xx_hal_tim.o
                0x0000000008002f1e                HAL_TIM_IC_CaptureCallback
 .text.HAL_TIM_PWM_PulseFinishedCallback
                0x0000000008002f30       0x12 Drivers/STM32F2xx_HAL_Driver/Src/stm32f2xx_hal_tim.o
                0x0000000008002f30                HAL_TIM_PWM_PulseFinishedCallback
 .text.HAL_TIM_TriggerCallback
                0x0000000008002f42       0x12 Drivers/STM32F2xx_HAL_Driver/Src/stm32f2xx_hal_tim.o
                0x0000000008002f42                HAL_TIM_TriggerCallback
 .text.TIM_Base_SetConfig
                0x0000000008002f54      0x13c Drivers/STM32F2xx_HAL_Driver/Src/stm32f2xx_hal_tim.o
                0x0000000008002f54                TIM_Base_SetConfig
 .text.HAL_TIMEx_CommutCallback
                0x0000000008003090       0x12 Drivers/STM32F2xx_HAL_Driver/Src/stm32f2xx_hal_tim_ex.o
                0x0000000008003090                HAL_TIMEx_CommutCallback
 .text.HAL_TIMEx_BreakCallback
                0x00000000080030a2       0x12 Drivers/STM32F2xx_HAL_Driver/Src/stm32f2xx_hal_tim_ex.o
                0x00000000080030a2                HAL_TIMEx_BreakCallback
 .text.HAL_UART_Init
                0x00000000080030b4       0x9a Drivers/STM32F2xx_HAL_Driver/Src/stm32f2xx_hal_uart.o
                0x00000000080030b4                HAL_UART_Init
 .text.HAL_UART_DeInit
                0x000000000800314e       0x58 Drivers/STM32F2xx_HAL_Driver/Src/stm32f2xx_hal_uart.o
                0x000000000800314e                HAL_UART_DeInit
 .text.HAL_UART_Transmit
                0x00000000080031a6      0x124 Drivers/STM32F2xx_HAL_Driver/Src/stm32f2xx_hal_uart.o
                0x00000000080031a6                HAL_UART_Transmit
 .text.HAL_UART_Receive_IT
                0x00000000080032ca       0xa8 Drivers/STM32F2xx_HAL_Driver/Src/stm32f2xx_hal_uart.o
                0x00000000080032ca                HAL_UART_Receive_IT
 *fill*         0x0000000008003372        0x2 
 .text.HAL_UART_IRQHandler
                0x0000000008003374      0x200 Drivers/STM32F2xx_HAL_Driver/Src/stm32f2xx_hal_uart.o
                0x0000000008003374                HAL_UART_IRQHandler
 .text.HAL_UART_TxCpltCallback
                0x0000000008003574       0x12 Drivers/STM32F2xx_HAL_Driver/Src/stm32f2xx_hal_uart.o
                0x0000000008003574                HAL_UART_TxCpltCallback
 .text.HAL_UART_RxCpltCallback
                0x0000000008003586       0x12 Drivers/STM32F2xx_HAL_Driver/Src/stm32f2xx_hal_uart.o
                0x0000000008003586                HAL_UART_RxCpltCallback
 .text.HAL_UART_ErrorCallback
                0x0000000008003598       0x12 Drivers/STM32F2xx_HAL_Driver/Src/stm32f2xx_hal_uart.o
                0x0000000008003598                HAL_UART_ErrorCallback
 .text.UART_WaitOnFlagUntilTimeout
                0x00000000080035aa       0x94 Drivers/STM32F2xx_HAL_Driver/Src/stm32f2xx_hal_uart.o
 .text.UART_EndRxTransfer
                0x000000000800363e       0x3a Drivers/STM32F2xx_HAL_Driver/Src/stm32f2xx_hal_uart.o
 .text.UART_DMAAbortOnError
                0x0000000008003678       0x28 Drivers/STM32F2xx_HAL_Driver/Src/stm32f2xx_hal_uart.o
 .text.UART_Transmit_IT
                0x00000000080036a0       0x9e Drivers/STM32F2xx_HAL_Driver/Src/stm32f2xx_hal_uart.o
 .text.UART_EndTransmit_IT
                0x000000000800373e       0x30 Drivers/STM32F2xx_HAL_Driver/Src/stm32f2xx_hal_uart.o
 .text.UART_Receive_IT
                0x000000000800376e      0x100 Drivers/STM32F2xx_HAL_Driver/Src/stm32f2xx_hal_uart.o
 *fill*         0x000000000800386e        0x2 
 .text.UART_SetConfig
                0x0000000008003870      0x1d4 Drivers/STM32F2xx_HAL_Driver/Src/stm32f2xx_hal_uart.o
 .text.osKernelInitialize
                0x0000000008003a44       0x64 Middlewares/Third_Party/FreeRTOS/Source/CMSIS_RTOS_V2/cmsis_os2.o
                0x0000000008003a44                osKernelInitialize
 .text.osKernelStart
                0x0000000008003aa8       0x68 Middlewares/Third_Party/FreeRTOS/Source/CMSIS_RTOS_V2/cmsis_os2.o
                0x0000000008003aa8                osKernelStart
 .text.osKernelLock
                0x0000000008003b10       0x70 Middlewares/Third_Party/FreeRTOS/Source/CMSIS_RTOS_V2/cmsis_os2.o
                0x0000000008003b10                osKernelLock
 .text.osKernelUnlock
                0x0000000008003b80       0x88 Middlewares/Third_Party/FreeRTOS/Source/CMSIS_RTOS_V2/cmsis_os2.o
                0x0000000008003b80                osKernelUnlock
 .text.osThreadNew
                0x0000000008003c08      0x158 Middlewares/Third_Party/FreeRTOS/Source/CMSIS_RTOS_V2/cmsis_os2.o
                0x0000000008003c08                osThreadNew
 .text.osThreadExit
                0x0000000008003d60        0xc Middlewares/Third_Party/FreeRTOS/Source/CMSIS_RTOS_V2/cmsis_os2.o
                0x0000000008003d60                osThreadExit
 .text.osDelay  0x0000000008003d6c       0x5c Middlewares/Third_Party/FreeRTOS/Source/CMSIS_RTOS_V2/cmsis_os2.o
                0x0000000008003d6c                osDelay
 .text.osMutexNew
                0x0000000008003dc8      0x134 Middlewares/Third_Party/FreeRTOS/Source/CMSIS_RTOS_V2/cmsis_os2.o
                0x0000000008003dc8                osMutexNew
 .text.osMutexAcquire
                0x0000000008003efc       0xbc Middlewares/Third_Party/FreeRTOS/Source/CMSIS_RTOS_V2/cmsis_os2.o
                0x0000000008003efc                osMutexAcquire
 .text.osMutexRelease
                0x0000000008003fb8       0xa0 Middlewares/Third_Party/FreeRTOS/Source/CMSIS_RTOS_V2/cmsis_os2.o
                0x0000000008003fb8                osMutexRelease
 .text.vApplicationGetIdleTaskMemory
                0x0000000008004058       0x34 Middlewares/Third_Party/FreeRTOS/Source/CMSIS_RTOS_V2/cmsis_os2.o
                0x0000000008004058                vApplicationGetIdleTaskMemory
 .text.vApplicationGetTimerTaskMemory
                0x000000000800408c       0x34 Middlewares/Third_Party/FreeRTOS/Source/CMSIS_RTOS_V2/cmsis_os2.o
                0x000000000800408c                vApplicationGetTimerTaskMemory
 .text.vListInitialise
                0x00000000080040c0       0x3e Middlewares/Third_Party/FreeRTOS/Source/list.o
                0x00000000080040c0                vListInitialise
 .text.vListInitialiseItem
                0x00000000080040fe       0x18 Middlewares/Third_Party/FreeRTOS/Source/list.o
                0x00000000080040fe                vListInitialiseItem
 .text.vListInsertEnd
                0x0000000008004116       0x46 Middlewares/Third_Party/FreeRTOS/Source/list.o
                0x0000000008004116                vListInsertEnd
 .text.vListInsert
                0x000000000800415c       0x70 Middlewares/Third_Party/FreeRTOS/Source/list.o
                0x000000000800415c                vListInsert
 .text.uxListRemove
                0x00000000080041cc       0x52 Middlewares/Third_Party/FreeRTOS/Source/list.o
                0x00000000080041cc                uxListRemove
 *fill*         0x000000000800421e        0x2 
 .text.xQueueGenericReset
                0x0000000008004220       0xd0 Middlewares/Third_Party/FreeRTOS/Source/queue.o
                0x0000000008004220                xQueueGenericReset
 .text.xQueueGenericCreateStatic
                0x00000000080042f0       0xe4 Middlewares/Third_Party/FreeRTOS/Source/queue.o
                0x00000000080042f0                xQueueGenericCreateStatic
 .text.xQueueGenericCreate
                0x00000000080043d4       0x7a Middlewares/Third_Party/FreeRTOS/Source/queue.o
                0x00000000080043d4                xQueueGenericCreate
 .text.prvInitialiseNewQueue
                0x000000000800444e       0x46 Middlewares/Third_Party/FreeRTOS/Source/queue.o
 .text.prvInitialiseMutex
                0x0000000008004494       0x34 Middlewares/Third_Party/FreeRTOS/Source/queue.o
 .text.xQueueCreateMutex
                0x00000000080044c8       0x30 Middlewares/Third_Party/FreeRTOS/Source/queue.o
                0x00000000080044c8                xQueueCreateMutex
 .text.xQueueCreateMutexStatic
                0x00000000080044f8       0x36 Middlewares/Third_Party/FreeRTOS/Source/queue.o
                0x00000000080044f8                xQueueCreateMutexStatic
 .text.xQueueGiveMutexRecursive
                0x000000000800452e       0x66 Middlewares/Third_Party/FreeRTOS/Source/queue.o
                0x000000000800452e                xQueueGiveMutexRecursive
 .text.xQueueTakeMutexRecursive
                0x0000000008004594       0x6a Middlewares/Third_Party/FreeRTOS/Source/queue.o
                0x0000000008004594                xQueueTakeMutexRecursive
 *fill*         0x00000000080045fe        0x2 
 .text.xQueueGenericSend
                0x0000000008004600      0x1f4 Middlewares/Third_Party/FreeRTOS/Source/queue.o
                0x0000000008004600                xQueueGenericSend
 .text.xQueueGenericSendFromISR
                0x00000000080047f4      0x128 Middlewares/Third_Party/FreeRTOS/Source/queue.o
                0x00000000080047f4                xQueueGenericSendFromISR
 .text.xQueueReceive
                0x000000000800491c      0x1b8 Middlewares/Third_Party/FreeRTOS/Source/queue.o
                0x000000000800491c                xQueueReceive
 .text.xQueueSemaphoreTake
                0x0000000008004ad4      0x210 Middlewares/Third_Party/FreeRTOS/Source/queue.o
                0x0000000008004ad4                xQueueSemaphoreTake
 .text.prvGetDisinheritPriorityAfterTimeout
                0x0000000008004ce4       0x2e Middlewares/Third_Party/FreeRTOS/Source/queue.o
 .text.prvCopyDataToQueue
                0x0000000008004d12       0xd4 Middlewares/Third_Party/FreeRTOS/Source/queue.o
 .text.prvCopyDataFromQueue
                0x0000000008004de6       0x4c Middlewares/Third_Party/FreeRTOS/Source/queue.o
 .text.prvUnlockQueue
                0x0000000008004e32       0xa4 Middlewares/Third_Party/FreeRTOS/Source/queue.o
 .text.prvIsQueueEmpty
                0x0000000008004ed6       0x2c Middlewares/Third_Party/FreeRTOS/Source/queue.o
 .text.prvIsQueueFull
                0x0000000008004f02       0x30 Middlewares/Third_Party/FreeRTOS/Source/queue.o
 *fill*         0x0000000008004f32        0x2 
 .text.vQueueAddToRegistry
                0x0000000008004f34       0x50 Middlewares/Third_Party/FreeRTOS/Source/queue.o
                0x0000000008004f34                vQueueAddToRegistry
 .text.vQueueWaitForMessageRestricted
                0x0000000008004f84       0x68 Middlewares/Third_Party/FreeRTOS/Source/queue.o
                0x0000000008004f84                vQueueWaitForMessageRestricted
 .text.xTaskCreateStatic
                0x0000000008004fec       0xb2 Middlewares/Third_Party/FreeRTOS/Source/tasks.o
                0x0000000008004fec                xTaskCreateStatic
 .text.xTaskCreate
                0x000000000800509e       0x8a Middlewares/Third_Party/FreeRTOS/Source/tasks.o
                0x000000000800509e                xTaskCreate
 .text.prvInitialiseNewTask
                0x0000000008005128      0x10c Middlewares/Third_Party/FreeRTOS/Source/tasks.o
 .text.prvAddNewTaskToReadyList
                0x0000000008005234       0xe0 Middlewares/Third_Party/FreeRTOS/Source/tasks.o
 .text.vTaskDelete
                0x0000000008005314       0xe4 Middlewares/Third_Party/FreeRTOS/Source/tasks.o
                0x0000000008005314                vTaskDelete
 .text.vTaskDelay
                0x00000000080053f8       0x68 Middlewares/Third_Party/FreeRTOS/Source/tasks.o
                0x00000000080053f8                vTaskDelay
 .text.vTaskStartScheduler
                0x0000000008005460       0xc8 Middlewares/Third_Party/FreeRTOS/Source/tasks.o
                0x0000000008005460                vTaskStartScheduler
 .text.vTaskSuspendAll
                0x0000000008005528       0x1c Middlewares/Third_Party/FreeRTOS/Source/tasks.o
                0x0000000008005528                vTaskSuspendAll
 .text.xTaskResumeAll
                0x0000000008005544      0x138 Middlewares/Third_Party/FreeRTOS/Source/tasks.o
                0x0000000008005544                xTaskResumeAll
 .text.xTaskGetTickCount
                0x000000000800567c       0x1c Middlewares/Third_Party/FreeRTOS/Source/tasks.o
                0x000000000800567c                xTaskGetTickCount
 .text.xTaskIncrementTick
                0x0000000008005698      0x17c Middlewares/Third_Party/FreeRTOS/Source/tasks.o
                0x0000000008005698                xTaskIncrementTick
 .text.vTaskSwitchContext
                0x0000000008005814       0xb8 Middlewares/Third_Party/FreeRTOS/Source/tasks.o
                0x0000000008005814                vTaskSwitchContext
 .text.vTaskPlaceOnEventList
                0x00000000080058cc       0x48 Middlewares/Third_Party/FreeRTOS/Source/tasks.o
                0x00000000080058cc                vTaskPlaceOnEventList
 .text.vTaskPlaceOnEventListRestricted
                0x0000000008005914       0x54 Middlewares/Third_Party/FreeRTOS/Source/tasks.o
                0x0000000008005914                vTaskPlaceOnEventListRestricted
 .text.xTaskRemoveFromEventList
                0x0000000008005968       0xc4 Middlewares/Third_Party/FreeRTOS/Source/tasks.o
                0x0000000008005968                xTaskRemoveFromEventList
 .text.vTaskInternalSetTimeOutState
                0x0000000008005a2c       0x2c Middlewares/Third_Party/FreeRTOS/Source/tasks.o
                0x0000000008005a2c                vTaskInternalSetTimeOutState
 .text.xTaskCheckForTimeOut
                0x0000000008005a58       0xc0 Middlewares/Third_Party/FreeRTOS/Source/tasks.o
                0x0000000008005a58                xTaskCheckForTimeOut
 .text.vTaskMissedYield
                0x0000000008005b18       0x18 Middlewares/Third_Party/FreeRTOS/Source/tasks.o
                0x0000000008005b18                vTaskMissedYield
 .text.prvIdleTask
                0x0000000008005b30       0x30 Middlewares/Third_Party/FreeRTOS/Source/tasks.o
 .text.prvInitialiseTaskLists
                0x0000000008005b60       0x80 Middlewares/Third_Party/FreeRTOS/Source/tasks.o
 .text.prvCheckTasksWaitingTermination
                0x0000000008005be0       0x58 Middlewares/Third_Party/FreeRTOS/Source/tasks.o
 .text.prvDeleteTCB
                0x0000000008005c38       0x5c Middlewares/Third_Party/FreeRTOS/Source/tasks.o
 .text.prvResetNextTaskUnblockTime
                0x0000000008005c94       0x48 Middlewares/Third_Party/FreeRTOS/Source/tasks.o
 .text.xTaskGetCurrentTaskHandle
                0x0000000008005cdc       0x1c Middlewares/Third_Party/FreeRTOS/Source/tasks.o
                0x0000000008005cdc                xTaskGetCurrentTaskHandle
 .text.xTaskGetSchedulerState
                0x0000000008005cf8       0x3c Middlewares/Third_Party/FreeRTOS/Source/tasks.o
                0x0000000008005cf8                xTaskGetSchedulerState
 .text.xTaskPriorityInherit
                0x0000000008005d34       0xdc Middlewares/Third_Party/FreeRTOS/Source/tasks.o
                0x0000000008005d34                xTaskPriorityInherit
 .text.xTaskPriorityDisinherit
                0x0000000008005e10       0xd8 Middlewares/Third_Party/FreeRTOS/Source/tasks.o
                0x0000000008005e10                xTaskPriorityDisinherit
 .text.vTaskPriorityDisinheritAfterTimeout
                0x0000000008005ee8      0x108 Middlewares/Third_Party/FreeRTOS/Source/tasks.o
                0x0000000008005ee8                vTaskPriorityDisinheritAfterTimeout
 .text.pvTaskIncrementMutexHeldCount
                0x0000000008005ff0       0x28 Middlewares/Third_Party/FreeRTOS/Source/tasks.o
                0x0000000008005ff0                pvTaskIncrementMutexHeldCount
 .text.prvAddCurrentTaskToDelayedList
                0x0000000008006018       0xa8 Middlewares/Third_Party/FreeRTOS/Source/tasks.o
 .text.xTimerCreateTimerTask
                0x00000000080060c0       0x90 Middlewares/Third_Party/FreeRTOS/Source/timers.o
                0x00000000080060c0                xTimerCreateTimerTask
 .text.xTimerGenericCommand
                0x0000000008006150       0x98 Middlewares/Third_Party/FreeRTOS/Source/timers.o
                0x0000000008006150                xTimerGenericCommand
 .text.prvProcessExpiredTimer
                0x00000000080061e8       0x80 Middlewares/Third_Party/FreeRTOS/Source/timers.o
 .text.prvTimerTask
                0x0000000008006268       0x24 Middlewares/Third_Party/FreeRTOS/Source/timers.o
 .text.prvProcessTimerOrBlockTask
                0x000000000800628c       0x9c Middlewares/Third_Party/FreeRTOS/Source/timers.o
 .text.prvGetNextExpireTime
                0x0000000008006328       0x48 Middlewares/Third_Party/FreeRTOS/Source/timers.o
 .text.prvSampleTimeNow
                0x0000000008006370       0x40 Middlewares/Third_Party/FreeRTOS/Source/timers.o
 .text.prvInsertTimerInActiveList
                0x00000000080063b0       0x84 Middlewares/Third_Party/FreeRTOS/Source/timers.o
 .text.prvProcessReceivedCommands
                0x0000000008006434      0x160 Middlewares/Third_Party/FreeRTOS/Source/timers.o
 .text.prvSwitchTimerLists
                0x0000000008006594       0xc0 Middlewares/Third_Party/FreeRTOS/Source/timers.o
 .text.prvCheckForValidListAndQueue
                0x0000000008006654       0x80 Middlewares/Third_Party/FreeRTOS/Source/timers.o
 .text.pxPortInitialiseStack
                0x00000000080066d4       0x58 Middlewares/Third_Party/FreeRTOS/Source/portable/GCC/ARM_CM3/port.o
                0x00000000080066d4                pxPortInitialiseStack
 .text.prvTaskExitError
                0x000000000800672c       0x50 Middlewares/Third_Party/FreeRTOS/Source/portable/GCC/ARM_CM3/port.o
 *fill*         0x000000000800677c        0x4 
 .text.SVC_Handler
                0x0000000008006780       0x28 Middlewares/Third_Party/FreeRTOS/Source/portable/GCC/ARM_CM3/port.o
                0x0000000008006780                SVC_Handler
 .text.prvPortStartFirstTask
                0x00000000080067a8       0x20 Middlewares/Third_Party/FreeRTOS/Source/portable/GCC/ARM_CM3/port.o
 .text.xPortStartScheduler
                0x00000000080067c8       0xe0 Middlewares/Third_Party/FreeRTOS/Source/portable/GCC/ARM_CM3/port.o
                0x00000000080067c8                xPortStartScheduler
 .text.vPortEnterCritical
                0x00000000080068a8       0x5c Middlewares/Third_Party/FreeRTOS/Source/portable/GCC/ARM_CM3/port.o
                0x00000000080068a8                vPortEnterCritical
 .text.vPortExitCritical
                0x0000000008006904       0x4c Middlewares/Third_Party/FreeRTOS/Source/portable/GCC/ARM_CM3/port.o
                0x0000000008006904                vPortExitCritical
 .text.PendSV_Handler
                0x0000000008006950       0x48 Middlewares/Third_Party/FreeRTOS/Source/portable/GCC/ARM_CM3/port.o
                0x0000000008006950                PendSV_Handler
 .text.SysTick_Handler
                0x0000000008006998       0x40 Middlewares/Third_Party/FreeRTOS/Source/portable/GCC/ARM_CM3/port.o
                0x0000000008006998                SysTick_Handler
 .text.vPortSetupTimerInterrupt
                0x00000000080069d8       0x44 Middlewares/Third_Party/FreeRTOS/Source/portable/GCC/ARM_CM3/port.o
                0x00000000080069d8                vPortSetupTimerInterrupt
 .text.vPortValidateInterruptPriority
                0x0000000008006a1c       0x78 Middlewares/Third_Party/FreeRTOS/Source/portable/GCC/ARM_CM3/port.o
                0x0000000008006a1c                vPortValidateInterruptPriority
 .text.pvPortMalloc
                0x0000000008006a94      0x184 Middlewares/Third_Party/FreeRTOS/Source/portable/MemMang/heap_4.o
                0x0000000008006a94                pvPortMalloc
 .text.vPortFree
                0x0000000008006c18       0xb0 Middlewares/Third_Party/FreeRTOS/Source/portable/MemMang/heap_4.o
                0x0000000008006c18                vPortFree
 .text.prvHeapInit
                0x0000000008006cc8       0xc4 Middlewares/Third_Party/FreeRTOS/Source/portable/MemMang/heap_4.o
 .text.prvInsertBlockIntoFreeList
                0x0000000008006d8c       0xb0 Middlewares/Third_Party/FreeRTOS/Source/portable/MemMang/heap_4.o
 .text.prv_send_bit
                0x0000000008006e3c       0x6c lwow/Src/lwow.o
 .text.lwow_init
                0x0000000008006ea8       0xa2 lwow/Src/lwow.o
                0x0000000008006ea8                lwow_init
 .text.lwow_protect
                0x0000000008006f4a       0x42 lwow/Src/lwow.o
                0x0000000008006f4a                lwow_protect
 .text.lwow_unprotect
                0x0000000008006f8c       0x42 lwow/Src/lwow.o
                0x0000000008006f8c                lwow_unprotect
 .text.lwow_reset_raw
                0x0000000008006fce       0x88 lwow/Src/lwow.o
                0x0000000008006fce                lwow_reset_raw
 .text.lwow_write_byte_ex_raw
                0x0000000008007056       0xc8 lwow/Src/lwow.o
                0x0000000008007056                lwow_write_byte_ex_raw
 .text.lwow_search_reset_raw
                0x000000000800711e       0x24 lwow/Src/lwow.o
                0x000000000800711e                lwow_search_reset_raw
 .text.lwow_search_with_command_raw
                0x0000000008007142      0x140 lwow/Src/lwow.o
                0x0000000008007142                lwow_search_with_command_raw
 .text.lwow_search_devices_with_command_raw
                0x0000000008007282       0x96 lwow/Src/lwow.o
                0x0000000008007282                lwow_search_devices_with_command_raw
 .text.lwow_search_devices_raw
                0x0000000008007318       0x46 lwow/Src/lwow.o
                0x0000000008007318                lwow_search_devices_raw
 .text.lwow_search_devices
                0x000000000800735e       0x56 lwow/Src/lwow.o
                0x000000000800735e                lwow_search_devices
 .text.init     0x00000000080073b4       0x36 lwow/Src/lwow_ll_stm32_hal.o
 .text.deinit   0x00000000080073ea       0x26 lwow/Src/lwow_ll_stm32_hal.o
 .text.set_baudrate
                0x0000000008007410       0x2e lwow/Src/lwow_ll_stm32_hal.o
 .text.transmit_receive
                0x000000000800743e       0x68 lwow/Src/lwow_ll_stm32_hal.o
 .text.lwow_sys_mutex_create
                0x00000000080074a6       0x42 lwow/Src/lwow_sys_cmsis_os.o
                0x00000000080074a6                lwow_sys_mutex_create
 .text.lwow_sys_mutex_wait
                0x00000000080074e8       0x2c lwow/Src/lwow_sys_cmsis_os.o
                0x00000000080074e8                lwow_sys_mutex_wait
 .text.lwow_sys_mutex_release
                0x0000000008007514       0x28 lwow/Src/lwow_sys_cmsis_os.o
                0x0000000008007514                lwow_sys_mutex_release
 .text.scan_onewire_devices
                0x000000000800753c       0xc4 lwow/Src/scan_devices.o
                0x000000000800753c                scan_onewire_devices
 .text.__errno  0x0000000008007600        0xc c:/st/stm32cubeide_1.5.1/stm32cubeide/plugins/com.st.stm32cube.ide.mcu.externaltools.gnu-tools-for-stm32.7-2018-q2-update.win32_1.5.0.202011040924/tools/bin/../lib/gcc/arm-none-eabi/7.3.1/../../../../arm-none-eabi/lib/thumb/v7-m\libc_nano.a(lib_a-errno.o)
                0x0000000008007600                __errno
 .text.__libc_init_array
                0x000000000800760c       0x48 c:/st/stm32cubeide_1.5.1/stm32cubeide/plugins/com.st.stm32cube.ide.mcu.externaltools.gnu-tools-for-stm32.7-2018-q2-update.win32_1.5.0.202011040924/tools/bin/../lib/gcc/arm-none-eabi/7.3.1/../../../../arm-none-eabi/lib/thumb/v7-m\libc_nano.a(lib_a-init.o)
                0x000000000800760c                __libc_init_array
 .text.memcpy   0x0000000008007654       0x16 c:/st/stm32cubeide_1.5.1/stm32cubeide/plugins/com.st.stm32cube.ide.mcu.externaltools.gnu-tools-for-stm32.7-2018-q2-update.win32_1.5.0.202011040924/tools/bin/../lib/gcc/arm-none-eabi/7.3.1/../../../../arm-none-eabi/lib/thumb/v7-m\libc_nano.a(lib_a-memcpy-stub.o)
                0x0000000008007654                memcpy
 .text.memset   0x000000000800766a       0x10 c:/st/stm32cubeide_1.5.1/stm32cubeide/plugins/com.st.stm32cube.ide.mcu.externaltools.gnu-tools-for-stm32.7-2018-q2-update.win32_1.5.0.202011040924/tools/bin/../lib/gcc/arm-none-eabi/7.3.1/../../../../arm-none-eabi/lib/thumb/v7-m\libc_nano.a(lib_a-memset.o)
                0x000000000800766a                memset
 *fill*         0x000000000800767a        0x2 
 .text.printf   0x000000000800767c       0x30 c:/st/stm32cubeide_1.5.1/stm32cubeide/plugins/com.st.stm32cube.ide.mcu.externaltools.gnu-tools-for-stm32.7-2018-q2-update.win32_1.5.0.202011040924/tools/bin/../lib/gcc/arm-none-eabi/7.3.1/../../../../arm-none-eabi/lib/thumb/v7-m\libc_nano.a(lib_a-printf.o)
                0x000000000800767c                iprintf
                0x000000000800767c                printf
 .text._puts_r  0x00000000080076ac       0xb8 c:/st/stm32cubeide_1.5.1/stm32cubeide/plugins/com.st.stm32cube.ide.mcu.externaltools.gnu-tools-for-stm32.7-2018-q2-update.win32_1.5.0.202011040924/tools/bin/../lib/gcc/arm-none-eabi/7.3.1/../../../../arm-none-eabi/lib/thumb/v7-m\libc_nano.a(lib_a-puts.o)
                0x00000000080076ac                _puts_r
 .text.puts     0x0000000008007764       0x10 c:/st/stm32cubeide_1.5.1/stm32cubeide/plugins/com.st.stm32cube.ide.mcu.externaltools.gnu-tools-for-stm32.7-2018-q2-update.win32_1.5.0.202011040924/tools/bin/../lib/gcc/arm-none-eabi/7.3.1/../../../../arm-none-eabi/lib/thumb/v7-m\libc_nano.a(lib_a-puts.o)
                0x0000000008007764                puts
 .text.vprintf  0x0000000008007774       0x2c c:/st/stm32cubeide_1.5.1/stm32cubeide/plugins/com.st.stm32cube.ide.mcu.externaltools.gnu-tools-for-stm32.7-2018-q2-update.win32_1.5.0.202011040924/tools/bin/../lib/gcc/arm-none-eabi/7.3.1/../../../../arm-none-eabi/lib/thumb/v7-m\libc_nano.a(lib_a-vprintf.o)
                0x0000000008007774                viprintf
                0x0000000008007774                vprintf
 .text.__swbuf_r
                0x00000000080077a0       0xa4 c:/st/stm32cubeide_1.5.1/stm32cubeide/plugins/com.st.stm32cube.ide.mcu.externaltools.gnu-tools-for-stm32.7-2018-q2-update.win32_1.5.0.202011040924/tools/bin/../lib/gcc/arm-none-eabi/7.3.1/../../../../arm-none-eabi/lib/thumb/v7-m\libc_nano.a(lib_a-wbuf.o)
                0x00000000080077a0                __swbuf_r
 .text.__swsetup_r
                0x0000000008007844       0xdc c:/st/stm32cubeide_1.5.1/stm32cubeide/plugins/com.st.stm32cube.ide.mcu.externaltools.gnu-tools-for-stm32.7-2018-q2-update.win32_1.5.0.202011040924/tools/bin/../lib/gcc/arm-none-eabi/7.3.1/../../../../arm-none-eabi/lib/thumb/v7-m\libc_nano.a(lib_a-wsetup.o)
                0x0000000008007844                __swsetup_r
 .text.__sflush_r
                0x0000000008007920      0x10c c:/st/stm32cubeide_1.5.1/stm32cubeide/plugins/com.st.stm32cube.ide.mcu.externaltools.gnu-tools-for-stm32.7-2018-q2-update.win32_1.5.0.202011040924/tools/bin/../lib/gcc/arm-none-eabi/7.3.1/../../../../arm-none-eabi/lib/thumb/v7-m\libc_nano.a(lib_a-fflush.o)
                0x0000000008007920                __sflush_r
 .text._fflush_r
                0x0000000008007a2c       0x54 c:/st/stm32cubeide_1.5.1/stm32cubeide/plugins/com.st.stm32cube.ide.mcu.externaltools.gnu-tools-for-stm32.7-2018-q2-update.win32_1.5.0.202011040924/tools/bin/../lib/gcc/arm-none-eabi/7.3.1/../../../../arm-none-eabi/lib/thumb/v7-m\libc_nano.a(lib_a-fflush.o)
                0x0000000008007a2c                _fflush_r
 .text.std      0x0000000008007a80       0x48 c:/st/stm32cubeide_1.5.1/stm32cubeide/plugins/com.st.stm32cube.ide.mcu.externaltools.gnu-tools-for-stm32.7-2018-q2-update.win32_1.5.0.202011040924/tools/bin/../lib/gcc/arm-none-eabi/7.3.1/../../../../arm-none-eabi/lib/thumb/v7-m\libc_nano.a(lib_a-findfp.o)
 .text._cleanup_r
                0x0000000008007ac8        0xc c:/st/stm32cubeide_1.5.1/stm32cubeide/plugins/com.st.stm32cube.ide.mcu.externaltools.gnu-tools-for-stm32.7-2018-q2-update.win32_1.5.0.202011040924/tools/bin/../lib/gcc/arm-none-eabi/7.3.1/../../../../arm-none-eabi/lib/thumb/v7-m\libc_nano.a(lib_a-findfp.o)
                0x0000000008007ac8                _cleanup_r
 .text.__sfmoreglue
                0x0000000008007ad4       0x2c c:/st/stm32cubeide_1.5.1/stm32cubeide/plugins/com.st.stm32cube.ide.mcu.externaltools.gnu-tools-for-stm32.7-2018-q2-update.win32_1.5.0.202011040924/tools/bin/../lib/gcc/arm-none-eabi/7.3.1/../../../../arm-none-eabi/lib/thumb/v7-m\libc_nano.a(lib_a-findfp.o)
                0x0000000008007ad4                __sfmoreglue
 .text.__sinit  0x0000000008007b00       0x60 c:/st/stm32cubeide_1.5.1/stm32cubeide/plugins/com.st.stm32cube.ide.mcu.externaltools.gnu-tools-for-stm32.7-2018-q2-update.win32_1.5.0.202011040924/tools/bin/../lib/gcc/arm-none-eabi/7.3.1/../../../../arm-none-eabi/lib/thumb/v7-m\libc_nano.a(lib_a-findfp.o)
                0x0000000008007b00                __sinit
 .text.__sfp    0x0000000008007b60       0x78 c:/st/stm32cubeide_1.5.1/stm32cubeide/plugins/com.st.stm32cube.ide.mcu.externaltools.gnu-tools-for-stm32.7-2018-q2-update.win32_1.5.0.202011040924/tools/bin/../lib/gcc/arm-none-eabi/7.3.1/../../../../arm-none-eabi/lib/thumb/v7-m\libc_nano.a(lib_a-findfp.o)
                0x0000000008007b60                __sfp
 .text._fwalk_reent
                0x0000000008007bd8       0x3c c:/st/stm32cubeide_1.5.1/stm32cubeide/plugins/com.st.stm32cube.ide.mcu.externaltools.gnu-tools-for-stm32.7-2018-q2-update.win32_1.5.0.202011040924/tools/bin/../lib/gcc/arm-none-eabi/7.3.1/../../../../arm-none-eabi/lib/thumb/v7-m\libc_nano.a(lib_a-fwalk.o)
                0x0000000008007bd8                _fwalk_reent
 .text.__swhatbuf_r
                0x0000000008007c14       0x48 c:/st/stm32cubeide_1.5.1/stm32cubeide/plugins/com.st.stm32cube.ide.mcu.externaltools.gnu-tools-for-stm32.7-2018-q2-update.win32_1.5.0.202011040924/tools/bin/../lib/gcc/arm-none-eabi/7.3.1/../../../../arm-none-eabi/lib/thumb/v7-m\libc_nano.a(lib_a-makebuf.o)
                0x0000000008007c14                __swhatbuf_r
 .text.__smakebuf_r
                0x0000000008007c5c       0x80 c:/st/stm32cubeide_1.5.1/stm32cubeide/plugins/com.st.stm32cube.ide.mcu.externaltools.gnu-tools-for-stm32.7-2018-q2-update.win32_1.5.0.202011040924/tools/bin/../lib/gcc/arm-none-eabi/7.3.1/../../../../arm-none-eabi/lib/thumb/v7-m\libc_nano.a(lib_a-makebuf.o)
                0x0000000008007c5c                __smakebuf_r
 .text._free_r  0x0000000008007cdc       0x98 c:/st/stm32cubeide_1.5.1/stm32cubeide/plugins/com.st.stm32cube.ide.mcu.externaltools.gnu-tools-for-stm32.7-2018-q2-update.win32_1.5.0.202011040924/tools/bin/../lib/gcc/arm-none-eabi/7.3.1/../../../../arm-none-eabi/lib/thumb/v7-m\libc_nano.a(lib_a-nano-freer.o)
                0x0000000008007cdc                _free_r
 .text._malloc_r
                0x0000000008007d74       0xb4 c:/st/stm32cubeide_1.5.1/stm32cubeide/plugins/com.st.stm32cube.ide.mcu.externaltools.gnu-tools-for-stm32.7-2018-q2-update.win32_1.5.0.202011040924/tools/bin/../lib/gcc/arm-none-eabi/7.3.1/../../../../arm-none-eabi/lib/thumb/v7-m\libc_nano.a(lib_a-nano-mallocr.o)
                0x0000000008007d74                _malloc_r
 .text.__sfputc_r
                0x0000000008007e28       0x2a c:/st/stm32cubeide_1.5.1/stm32cubeide/plugins/com.st.stm32cube.ide.mcu.externaltools.gnu-tools-for-stm32.7-2018-q2-update.win32_1.5.0.202011040924/tools/bin/../lib/gcc/arm-none-eabi/7.3.1/../../../../arm-none-eabi/lib/thumb/v7-m\libc_nano.a(lib_a-nano-vfprintf.o)
 .text.__sfputs_r
                0x0000000008007e52       0x24 c:/st/stm32cubeide_1.5.1/stm32cubeide/plugins/com.st.stm32cube.ide.mcu.externaltools.gnu-tools-for-stm32.7-2018-q2-update.win32_1.5.0.202011040924/tools/bin/../lib/gcc/arm-none-eabi/7.3.1/../../../../arm-none-eabi/lib/thumb/v7-m\libc_nano.a(lib_a-nano-vfprintf.o)
                0x0000000008007e52                __sfputs_r
 *fill*         0x0000000008007e76        0x2 
 .text._vfprintf_r
                0x0000000008007e78      0x22c c:/st/stm32cubeide_1.5.1/stm32cubeide/plugins/com.st.stm32cube.ide.mcu.externaltools.gnu-tools-for-stm32.7-2018-q2-update.win32_1.5.0.202011040924/tools/bin/../lib/gcc/arm-none-eabi/7.3.1/../../../../arm-none-eabi/lib/thumb/v7-m\libc_nano.a(lib_a-nano-vfprintf.o)
                0x0000000008007e78                _vfprintf_r
                0x0000000008007e78                _vfiprintf_r
 .text._printf_common
                0x00000000080080a4       0xec c:/st/stm32cubeide_1.5.1/stm32cubeide/plugins/com.st.stm32cube.ide.mcu.externaltools.gnu-tools-for-stm32.7-2018-q2-update.win32_1.5.0.202011040924/tools/bin/../lib/gcc/arm-none-eabi/7.3.1/../../../../arm-none-eabi/lib/thumb/v7-m\libc_nano.a(lib_a-nano-vfprintf_i.o)
                0x00000000080080a4                _printf_common
 .text._printf_i
                0x0000000008008190      0x224 c:/st/stm32cubeide_1.5.1/stm32cubeide/plugins/com.st.stm32cube.ide.mcu.externaltools.gnu-tools-for-stm32.7-2018-q2-update.win32_1.5.0.202011040924/tools/bin/../lib/gcc/arm-none-eabi/7.3.1/../../../../arm-none-eabi/lib/thumb/v7-m\libc_nano.a(lib_a-nano-vfprintf_i.o)
                0x0000000008008190                _printf_i
 .text._sbrk_r  0x00000000080083b4       0x20 c:/st/stm32cubeide_1.5.1/stm32cubeide/plugins/com.st.stm32cube.ide.mcu.externaltools.gnu-tools-for-stm32.7-2018-q2-update.win32_1.5.0.202011040924/tools/bin/../lib/gcc/arm-none-eabi/7.3.1/../../../../arm-none-eabi/lib/thumb/v7-m\libc_nano.a(lib_a-sbrkr.o)
                0x00000000080083b4                _sbrk_r
 .text.__sread  0x00000000080083d4       0x22 c:/st/stm32cubeide_1.5.1/stm32cubeide/plugins/com.st.stm32cube.ide.mcu.externaltools.gnu-tools-for-stm32.7-2018-q2-update.win32_1.5.0.202011040924/tools/bin/../lib/gcc/arm-none-eabi/7.3.1/../../../../arm-none-eabi/lib/thumb/v7-m\libc_nano.a(lib_a-stdio.o)
                0x00000000080083d4                __sread
 .text.__swrite
                0x00000000080083f6       0x38 c:/st/stm32cubeide_1.5.1/stm32cubeide/plugins/com.st.stm32cube.ide.mcu.externaltools.gnu-tools-for-stm32.7-2018-q2-update.win32_1.5.0.202011040924/tools/bin/../lib/gcc/arm-none-eabi/7.3.1/../../../../arm-none-eabi/lib/thumb/v7-m\libc_nano.a(lib_a-stdio.o)
                0x00000000080083f6                __swrite
 .text.__sseek  0x000000000800842e       0x24 c:/st/stm32cubeide_1.5.1/stm32cubeide/plugins/com.st.stm32cube.ide.mcu.externaltools.gnu-tools-for-stm32.7-2018-q2-update.win32_1.5.0.202011040924/tools/bin/../lib/gcc/arm-none-eabi/7.3.1/../../../../arm-none-eabi/lib/thumb/v7-m\libc_nano.a(lib_a-stdio.o)
                0x000000000800842e                __sseek
 .text.__sclose
                0x0000000008008452        0x8 c:/st/stm32cubeide_1.5.1/stm32cubeide/plugins/com.st.stm32cube.ide.mcu.externaltools.gnu-tools-for-stm32.7-2018-q2-update.win32_1.5.0.202011040924/tools/bin/../lib/gcc/arm-none-eabi/7.3.1/../../../../arm-none-eabi/lib/thumb/v7-m\libc_nano.a(lib_a-stdio.o)
                0x0000000008008452                __sclose
 *fill*         0x000000000800845a        0x2 
 .text._write_r
                0x000000000800845c       0x24 c:/st/stm32cubeide_1.5.1/stm32cubeide/plugins/com.st.stm32cube.ide.mcu.externaltools.gnu-tools-for-stm32.7-2018-q2-update.win32_1.5.0.202011040924/tools/bin/../lib/gcc/arm-none-eabi/7.3.1/../../../../arm-none-eabi/lib/thumb/v7-m\libc_nano.a(lib_a-writer.o)
                0x000000000800845c                _write_r
 .text._close_r
                0x0000000008008480       0x20 c:/st/stm32cubeide_1.5.1/stm32cubeide/plugins/com.st.stm32cube.ide.mcu.externaltools.gnu-tools-for-stm32.7-2018-q2-update.win32_1.5.0.202011040924/tools/bin/../lib/gcc/arm-none-eabi/7.3.1/../../../../arm-none-eabi/lib/thumb/v7-m\libc_nano.a(lib_a-closer.o)
                0x0000000008008480                _close_r
 .text._fstat_r
                0x00000000080084a0       0x24 c:/st/stm32cubeide_1.5.1/stm32cubeide/plugins/com.st.stm32cube.ide.mcu.externaltools.gnu-tools-for-stm32.7-2018-q2-update.win32_1.5.0.202011040924/tools/bin/../lib/gcc/arm-none-eabi/7.3.1/../../../../arm-none-eabi/lib/thumb/v7-m\libc_nano.a(lib_a-fstatr.o)
                0x00000000080084a0                _fstat_r
 .text._isatty_r
                0x00000000080084c4       0x20 c:/st/stm32cubeide_1.5.1/stm32cubeide/plugins/com.st.stm32cube.ide.mcu.externaltools.gnu-tools-for-stm32.7-2018-q2-update.win32_1.5.0.202011040924/tools/bin/../lib/gcc/arm-none-eabi/7.3.1/../../../../arm-none-eabi/lib/thumb/v7-m\libc_nano.a(lib_a-isattyr.o)
                0x00000000080084c4                _isatty_r
 .text._lseek_r
                0x00000000080084e4       0x24 c:/st/stm32cubeide_1.5.1/stm32cubeide/plugins/com.st.stm32cube.ide.mcu.externaltools.gnu-tools-for-stm32.7-2018-q2-update.win32_1.5.0.202011040924/tools/bin/../lib/gcc/arm-none-eabi/7.3.1/../../../../arm-none-eabi/lib/thumb/v7-m\libc_nano.a(lib_a-lseekr.o)
                0x00000000080084e4                _lseek_r
 .text.memchr   0x0000000008008508       0x1c c:/st/stm32cubeide_1.5.1/stm32cubeide/plugins/com.st.stm32cube.ide.mcu.externaltools.gnu-tools-for-stm32.7-2018-q2-update.win32_1.5.0.202011040924/tools/bin/../lib/gcc/arm-none-eabi/7.3.1/../../../../arm-none-eabi/lib/thumb/v7-m\libc_nano.a(lib_a-memchr-stub.o)
                0x0000000008008508                memchr
 .text.__malloc_lock
                0x0000000008008524        0x2 c:/st/stm32cubeide_1.5.1/stm32cubeide/plugins/com.st.stm32cube.ide.mcu.externaltools.gnu-tools-for-stm32.7-2018-q2-update.win32_1.5.0.202011040924/tools/bin/../lib/gcc/arm-none-eabi/7.3.1/../../../../arm-none-eabi/lib/thumb/v7-m\libc_nano.a(lib_a-mlock.o)
                0x0000000008008524                __malloc_lock
 .text.__malloc_unlock
                0x0000000008008526        0x2 c:/st/stm32cubeide_1.5.1/stm32cubeide/plugins/com.st.stm32cube.ide.mcu.externaltools.gnu-tools-for-stm32.7-2018-q2-update.win32_1.5.0.202011040924/tools/bin/../lib/gcc/arm-none-eabi/7.3.1/../../../../arm-none-eabi/lib/thumb/v7-m\libc_nano.a(lib_a-mlock.o)
                0x0000000008008526                __malloc_unlock
 .text._read_r  0x0000000008008528       0x24 c:/st/stm32cubeide_1.5.1/stm32cubeide/plugins/com.st.stm32cube.ide.mcu.externaltools.gnu-tools-for-stm32.7-2018-q2-update.win32_1.5.0.202011040924/tools/bin/../lib/gcc/arm-none-eabi/7.3.1/../../../../arm-none-eabi/lib/thumb/v7-m\libc_nano.a(lib_a-readr.o)
                0x0000000008008528                _read_r
 *(.glue_7)
 .glue_7        0x000000000800854c        0x0 linker stubs
 *(.glue_7t)
 .glue_7t       0x000000000800854c        0x0 linker stubs
 *(.eh_frame)
 .eh_frame      0x000000000800854c        0x0 c:/st/stm32cubeide_1.5.1/stm32cubeide/plugins/com.st.stm32cube.ide.mcu.externaltools.gnu-tools-for-stm32.7-2018-q2-update.win32_1.5.0.202011040924/tools/bin/../lib/gcc/arm-none-eabi/7.3.1/thumb/v7-m/crtbegin.o
 *(.init)
 .init          0x000000000800854c        0x4 c:/st/stm32cubeide_1.5.1/stm32cubeide/plugins/com.st.stm32cube.ide.mcu.externaltools.gnu-tools-for-stm32.7-2018-q2-update.win32_1.5.0.202011040924/tools/bin/../lib/gcc/arm-none-eabi/7.3.1/thumb/v7-m/crti.o
                0x000000000800854c                _init
 .init          0x0000000008008550        0x8 c:/st/stm32cubeide_1.5.1/stm32cubeide/plugins/com.st.stm32cube.ide.mcu.externaltools.gnu-tools-for-stm32.7-2018-q2-update.win32_1.5.0.202011040924/tools/bin/../lib/gcc/arm-none-eabi/7.3.1/thumb/v7-m/crtn.o
 *(.fini)
 .fini          0x0000000008008558        0x4 c:/st/stm32cubeide_1.5.1/stm32cubeide/plugins/com.st.stm32cube.ide.mcu.externaltools.gnu-tools-for-stm32.7-2018-q2-update.win32_1.5.0.202011040924/tools/bin/../lib/gcc/arm-none-eabi/7.3.1/thumb/v7-m/crti.o
                0x0000000008008558                _fini
 .fini          0x000000000800855c        0x8 c:/st/stm32cubeide_1.5.1/stm32cubeide/plugins/com.st.stm32cube.ide.mcu.externaltools.gnu-tools-for-stm32.7-2018-q2-update.win32_1.5.0.202011040924/tools/bin/../lib/gcc/arm-none-eabi/7.3.1/thumb/v7-m/crtn.o
                0x0000000008008564                . = ALIGN (0x4)
                0x0000000008008564                _etext = .

.vfp11_veneer   0x0000000008008564        0x0
 .vfp11_veneer  0x0000000008008564        0x0 linker stubs

.v4_bx          0x0000000008008564        0x0
 .v4_bx         0x0000000008008564        0x0 linker stubs

.iplt           0x0000000008008564        0x0
 .iplt          0x0000000008008564        0x0 c:/st/stm32cubeide_1.5.1/stm32cubeide/plugins/com.st.stm32cube.ide.mcu.externaltools.gnu-tools-for-stm32.7-2018-q2-update.win32_1.5.0.202011040924/tools/bin/../lib/gcc/arm-none-eabi/7.3.1/thumb/v7-m/crtbegin.o

.rodata         0x0000000008008564      0x22c
                0x0000000008008564                . = ALIGN (0x4)
 *(.rodata)
 .rodata        0x0000000008008564       0xec Core/Src/main.o
 .rodata        0x0000000008008650        0x5 Middlewares/Third_Party/FreeRTOS/Source/tasks.o
 *fill*         0x0000000008008655        0x3 
 .rodata        0x0000000008008658        0xd Middlewares/Third_Party/FreeRTOS/Source/timers.o
 *fill*         0x0000000008008665        0x3 
 .rodata        0x0000000008008668       0x3b lwow/Src/scan_devices.o
 *(.rodata*)
 *fill*         0x00000000080086a3        0x1 
 .rodata.lwow_task_attributes
                0x00000000080086a4       0x24 Core/Src/main.o
                0x00000000080086a4                lwow_task_attributes
 .rodata.AHBPrescTable
                0x00000000080086c8       0x10 Core/Src/system_stm32f2xx.o
                0x00000000080086c8                AHBPrescTable
 .rodata.APBPrescTable
                0x00000000080086d8        0x8 Core/Src/system_stm32f2xx.o
                0x00000000080086d8                APBPrescTable
 .rodata.flagBitshiftOffset.6549
                0x00000000080086e0        0x8 Drivers/STM32F2xx_HAL_Driver/Src/stm32f2xx_hal_dma.o
 .rodata.lwow_ll_drv_stm32_hal
                0x00000000080086e8       0x10 lwow/Src/lwow_ll_stm32_hal.o
                0x00000000080086e8                lwow_ll_drv_stm32_hal
 .rodata._global_impure_ptr
                0x00000000080086f8        0x4 c:/st/stm32cubeide_1.5.1/stm32cubeide/plugins/com.st.stm32cube.ide.mcu.externaltools.gnu-tools-for-stm32.7-2018-q2-update.win32_1.5.0.202011040924/tools/bin/../lib/gcc/arm-none-eabi/7.3.1/../../../../arm-none-eabi/lib/thumb/v7-m\libc_nano.a(lib_a-impure.o)
                0x00000000080086f8                _global_impure_ptr
 .rodata.__sf_fake_stderr
                0x00000000080086fc       0x20 c:/st/stm32cubeide_1.5.1/stm32cubeide/plugins/com.st.stm32cube.ide.mcu.externaltools.gnu-tools-for-stm32.7-2018-q2-update.win32_1.5.0.202011040924/tools/bin/../lib/gcc/arm-none-eabi/7.3.1/../../../../arm-none-eabi/lib/thumb/v7-m\libc_nano.a(lib_a-findfp.o)
                0x00000000080086fc                __sf_fake_stderr
 .rodata.__sf_fake_stdin
                0x000000000800871c       0x20 c:/st/stm32cubeide_1.5.1/stm32cubeide/plugins/com.st.stm32cube.ide.mcu.externaltools.gnu-tools-for-stm32.7-2018-q2-update.win32_1.5.0.202011040924/tools/bin/../lib/gcc/arm-none-eabi/7.3.1/../../../../arm-none-eabi/lib/thumb/v7-m\libc_nano.a(lib_a-findfp.o)
                0x000000000800871c                __sf_fake_stdin
 .rodata.__sf_fake_stdout
                0x000000000800873c       0x20 c:/st/stm32cubeide_1.5.1/stm32cubeide/plugins/com.st.stm32cube.ide.mcu.externaltools.gnu-tools-for-stm32.7-2018-q2-update.win32_1.5.0.202011040924/tools/bin/../lib/gcc/arm-none-eabi/7.3.1/../../../../arm-none-eabi/lib/thumb/v7-m\libc_nano.a(lib_a-findfp.o)
                0x000000000800873c                __sf_fake_stdout
 .rodata._vfprintf_r.str1.1
                0x000000000800875c       0x11 c:/st/stm32cubeide_1.5.1/stm32cubeide/plugins/com.st.stm32cube.ide.mcu.externaltools.gnu-tools-for-stm32.7-2018-q2-update.win32_1.5.0.202011040924/tools/bin/../lib/gcc/arm-none-eabi/7.3.1/../../../../arm-none-eabi/lib/thumb/v7-m\libc_nano.a(lib_a-nano-vfprintf.o)
 .rodata._printf_i.str1.1
                0x000000000800876d       0x22 c:/st/stm32cubeide_1.5.1/stm32cubeide/plugins/com.st.stm32cube.ide.mcu.externaltools.gnu-tools-for-stm32.7-2018-q2-update.win32_1.5.0.202011040924/tools/bin/../lib/gcc/arm-none-eabi/7.3.1/../../../../arm-none-eabi/lib/thumb/v7-m\libc_nano.a(lib_a-nano-vfprintf_i.o)
                0x0000000008008790                . = ALIGN (0x4)
 *fill*         0x000000000800878f        0x1 

.ARM.extab      0x0000000008008790        0x0
                0x0000000008008790                . = ALIGN (0x4)
 *(.ARM.extab* .gnu.linkonce.armextab.*)
                0x0000000008008790                . = ALIGN (0x4)

.ARM            0x0000000008008790        0x8
                0x0000000008008790                . = ALIGN (0x4)
                0x0000000008008790                __exidx_start = .
 *(.ARM.exidx*)
 .ARM.exidx     0x0000000008008790        0x8 c:/st/stm32cubeide_1.5.1/stm32cubeide/plugins/com.st.stm32cube.ide.mcu.externaltools.gnu-tools-for-stm32.7-2018-q2-update.win32_1.5.0.202011040924/tools/bin/../lib/gcc/arm-none-eabi/7.3.1/thumb/v7-m\libgcc.a(_udivmoddi4.o)
                0x0000000008008798                __exidx_end = .
                0x0000000008008798                . = ALIGN (0x4)

.rel.dyn        0x0000000008008798        0x0
 .rel.iplt      0x0000000008008798        0x0 c:/st/stm32cubeide_1.5.1/stm32cubeide/plugins/com.st.stm32cube.ide.mcu.externaltools.gnu-tools-for-stm32.7-2018-q2-update.win32_1.5.0.202011040924/tools/bin/../lib/gcc/arm-none-eabi/7.3.1/thumb/v7-m/crtbegin.o

.preinit_array  0x0000000008008798        0x0
                0x0000000008008798                . = ALIGN (0x4)
                0x0000000008008798                PROVIDE (__preinit_array_start = .)
 *(.preinit_array*)
                0x0000000008008798                PROVIDE (__preinit_array_end = .)
                0x0000000008008798                . = ALIGN (0x4)

.init_array     0x0000000008008798        0x4
                0x0000000008008798                . = ALIGN (0x4)
                0x0000000008008798                PROVIDE (__init_array_start = .)
 *(SORT_BY_NAME(.init_array.*))
 *(.init_array*)
 .init_array    0x0000000008008798        0x4 c:/st/stm32cubeide_1.5.1/stm32cubeide/plugins/com.st.stm32cube.ide.mcu.externaltools.gnu-tools-for-stm32.7-2018-q2-update.win32_1.5.0.202011040924/tools/bin/../lib/gcc/arm-none-eabi/7.3.1/thumb/v7-m/crtbegin.o
                0x000000000800879c                PROVIDE (__init_array_end = .)
                0x000000000800879c                . = ALIGN (0x4)

.fini_array     0x000000000800879c        0x4
                0x000000000800879c                . = ALIGN (0x4)
                [!provide]                        PROVIDE (__fini_array_start = .)
 *(SORT_BY_NAME(.fini_array.*))
 *(.fini_array*)
 .fini_array    0x000000000800879c        0x4 c:/st/stm32cubeide_1.5.1/stm32cubeide/plugins/com.st.stm32cube.ide.mcu.externaltools.gnu-tools-for-stm32.7-2018-q2-update.win32_1.5.0.202011040924/tools/bin/../lib/gcc/arm-none-eabi/7.3.1/thumb/v7-m/crtbegin.o
                [!provide]                        PROVIDE (__fini_array_end = .)
                0x00000000080087a0                . = ALIGN (0x4)
                0x00000000080087a0                _sidata = LOADADDR (.data)

.data           0x0000000020000000       0xd4 load address 0x00000000080087a0
                0x0000000020000000                . = ALIGN (0x4)
                0x0000000020000000                _sdata = .
 *(.data)
 *(.data*)
 .data.ow_uart_link_1
                0x0000000020000000       0x20 Core/Src/main.o
 .data.ow_uart_link_2
                0x0000000020000020       0x20 Core/Src/main.o
 .data.ow_uart_link_3
                0x0000000020000040       0x20 Core/Src/main.o
 .data.SystemCoreClock
                0x0000000020000060        0x4 Core/Src/system_stm32f2xx.o
                0x0000000020000060                SystemCoreClock
 .data.uwTickPrio
                0x0000000020000064        0x4 Drivers/STM32F2xx_HAL_Driver/Src/stm32f2xx_hal.o
                0x0000000020000064                uwTickPrio
 .data.uwTickFreq
                0x0000000020000068        0x1 Drivers/STM32F2xx_HAL_Driver/Src/stm32f2xx_hal.o
                0x0000000020000068                uwTickFreq
 *fill*         0x0000000020000069        0x3 
 .data.uxCriticalNesting
                0x000000002000006c        0x4 Middlewares/Third_Party/FreeRTOS/Source/portable/GCC/ARM_CM3/port.o
 .data._impure_ptr
                0x0000000020000070        0x4 c:/st/stm32cubeide_1.5.1/stm32cubeide/plugins/com.st.stm32cube.ide.mcu.externaltools.gnu-tools-for-stm32.7-2018-q2-update.win32_1.5.0.202011040924/tools/bin/../lib/gcc/arm-none-eabi/7.3.1/../../../../arm-none-eabi/lib/thumb/v7-m\libc_nano.a(lib_a-impure.o)
                0x0000000020000070                _impure_ptr
 .data.impure_data
                0x0000000020000074       0x60 c:/st/stm32cubeide_1.5.1/stm32cubeide/plugins/com.st.stm32cube.ide.mcu.externaltools.gnu-tools-for-stm32.7-2018-q2-update.win32_1.5.0.202011040924/tools/bin/../lib/gcc/arm-none-eabi/7.3.1/../../../../arm-none-eabi/lib/thumb/v7-m\libc_nano.a(lib_a-impure.o)
 *(.RamFunc)
 *(.RamFunc*)
                0x00000000200000d4                . = ALIGN (0x4)
                0x00000000200000d4                _edata = .

.igot.plt       0x00000000200000d4        0x0 load address 0x0000000008008874
 .igot.plt      0x00000000200000d4        0x0 c:/st/stm32cubeide_1.5.1/stm32cubeide/plugins/com.st.stm32cube.ide.mcu.externaltools.gnu-tools-for-stm32.7-2018-q2-update.win32_1.5.0.202011040924/tools/bin/../lib/gcc/arm-none-eabi/7.3.1/thumb/v7-m/crtbegin.o
                0x00000000200000d4                . = ALIGN (0x4)

.bss            0x00000000200000d4     0x5304 load address 0x0000000008008874
                0x00000000200000d4                _sbss = .
                0x00000000200000d4                __bss_start__ = _sbss
 *(.bss)
 .bss           0x00000000200000d4       0x1c c:/st/stm32cubeide_1.5.1/stm32cubeide/plugins/com.st.stm32cube.ide.mcu.externaltools.gnu-tools-for-stm32.7-2018-q2-update.win32_1.5.0.202011040924/tools/bin/../lib/gcc/arm-none-eabi/7.3.1/thumb/v7-m/crtbegin.o
 *(.bss*)
 .bss.__sbrk_heap_end
                0x00000000200000f0        0x4 Core/Src/sysmem.o
 .bss.KernelState
                0x00000000200000f4        0x4 Middlewares/Third_Party/FreeRTOS/Source/CMSIS_RTOS_V2/cmsis_os2.o
 .bss.Idle_TCB  0x00000000200000f8       0x5c Middlewares/Third_Party/FreeRTOS/Source/CMSIS_RTOS_V2/cmsis_os2.o
 .bss.Idle_Stack
                0x0000000020000154      0x400 Middlewares/Third_Party/FreeRTOS/Source/CMSIS_RTOS_V2/cmsis_os2.o
 .bss.Timer_TCB
                0x0000000020000554       0x5c Middlewares/Third_Party/FreeRTOS/Source/CMSIS_RTOS_V2/cmsis_os2.o
 .bss.Timer_Stack
                0x00000000200005b0      0x800 Middlewares/Third_Party/FreeRTOS/Source/CMSIS_RTOS_V2/cmsis_os2.o
 .bss.pxCurrentTCB
                0x0000000020000db0        0x4 Middlewares/Third_Party/FreeRTOS/Source/tasks.o
                0x0000000020000db0                pxCurrentTCB
 .bss.pxReadyTasksLists
                0x0000000020000db4      0x460 Middlewares/Third_Party/FreeRTOS/Source/tasks.o
 .bss.xDelayedTaskList1
                0x0000000020001214       0x14 Middlewares/Third_Party/FreeRTOS/Source/tasks.o
 .bss.xDelayedTaskList2
                0x0000000020001228       0x14 Middlewares/Third_Party/FreeRTOS/Source/tasks.o
 .bss.pxDelayedTaskList
                0x000000002000123c        0x4 Middlewares/Third_Party/FreeRTOS/Source/tasks.o
 .bss.pxOverflowDelayedTaskList
                0x0000000020001240        0x4 Middlewares/Third_Party/FreeRTOS/Source/tasks.o
 .bss.xPendingReadyList
                0x0000000020001244       0x14 Middlewares/Third_Party/FreeRTOS/Source/tasks.o
 .bss.xTasksWaitingTermination
                0x0000000020001258       0x14 Middlewares/Third_Party/FreeRTOS/Source/tasks.o
 .bss.uxDeletedTasksWaitingCleanUp
                0x000000002000126c        0x4 Middlewares/Third_Party/FreeRTOS/Source/tasks.o
 .bss.xSuspendedTaskList
                0x0000000020001270       0x14 Middlewares/Third_Party/FreeRTOS/Source/tasks.o
 .bss.uxCurrentNumberOfTasks
                0x0000000020001284        0x4 Middlewares/Third_Party/FreeRTOS/Source/tasks.o
 .bss.xTickCount
                0x0000000020001288        0x4 Middlewares/Third_Party/FreeRTOS/Source/tasks.o
 .bss.uxTopReadyPriority
                0x000000002000128c        0x4 Middlewares/Third_Party/FreeRTOS/Source/tasks.o
 .bss.xSchedulerRunning
                0x0000000020001290        0x4 Middlewares/Third_Party/FreeRTOS/Source/tasks.o
 .bss.uxPendedTicks
                0x0000000020001294        0x4 Middlewares/Third_Party/FreeRTOS/Source/tasks.o
 .bss.xYieldPending
                0x0000000020001298        0x4 Middlewares/Third_Party/FreeRTOS/Source/tasks.o
 .bss.xNumOfOverflows
                0x000000002000129c        0x4 Middlewares/Third_Party/FreeRTOS/Source/tasks.o
 .bss.uxTaskNumber
                0x00000000200012a0        0x4 Middlewares/Third_Party/FreeRTOS/Source/tasks.o
 .bss.xNextTaskUnblockTime
                0x00000000200012a4        0x4 Middlewares/Third_Party/FreeRTOS/Source/tasks.o
 .bss.xIdleTaskHandle
                0x00000000200012a8        0x4 Middlewares/Third_Party/FreeRTOS/Source/tasks.o
 .bss.uxSchedulerSuspended
                0x00000000200012ac        0x4 Middlewares/Third_Party/FreeRTOS/Source/tasks.o
 .bss.xActiveTimerList1
                0x00000000200012b0       0x14 Middlewares/Third_Party/FreeRTOS/Source/timers.o
 .bss.xActiveTimerList2
                0x00000000200012c4       0x14 Middlewares/Third_Party/FreeRTOS/Source/timers.o
 .bss.pxCurrentTimerList
                0x00000000200012d8        0x4 Middlewares/Third_Party/FreeRTOS/Source/timers.o
 .bss.pxOverflowTimerList
                0x00000000200012dc        0x4 Middlewares/Third_Party/FreeRTOS/Source/timers.o
 .bss.xTimerQueue
                0x00000000200012e0        0x4 Middlewares/Third_Party/FreeRTOS/Source/timers.o
 .bss.xTimerTaskHandle
                0x00000000200012e4        0x4 Middlewares/Third_Party/FreeRTOS/Source/timers.o
 .bss.xLastTime.5452
                0x00000000200012e8        0x4 Middlewares/Third_Party/FreeRTOS/Source/timers.o
 .bss.ucStaticTimerQueueStorage.5503
                0x00000000200012ec       0xa0 Middlewares/Third_Party/FreeRTOS/Source/timers.o
 .bss.xStaticTimerQueue.5502
                0x000000002000138c       0x50 Middlewares/Third_Party/FreeRTOS/Source/timers.o
 .bss.ucMaxSysCallPriority
                0x00000000200013dc        0x1 Middlewares/Third_Party/FreeRTOS/Source/portable/GCC/ARM_CM3/port.o
 *fill*         0x00000000200013dd        0x3 
 .bss.ulMaxPRIGROUPValue
                0x00000000200013e0        0x4 Middlewares/Third_Party/FreeRTOS/Source/portable/GCC/ARM_CM3/port.o
 .bss.ucHeap    0x00000000200013e4     0x3c00 Middlewares/Third_Party/FreeRTOS/Source/portable/MemMang/heap_4.o
 .bss.xStart    0x0000000020004fe4        0x8 Middlewares/Third_Party/FreeRTOS/Source/portable/MemMang/heap_4.o
 .bss.pxEnd     0x0000000020004fec        0x4 Middlewares/Third_Party/FreeRTOS/Source/portable/MemMang/heap_4.o
 .bss.xFreeBytesRemaining
                0x0000000020004ff0        0x4 Middlewares/Third_Party/FreeRTOS/Source/portable/MemMang/heap_4.o
 .bss.xMinimumEverFreeBytesRemaining
                0x0000000020004ff4        0x4 Middlewares/Third_Party/FreeRTOS/Source/portable/MemMang/heap_4.o
 .bss.xBlockAllocatedBit
                0x0000000020004ff8        0x4 Middlewares/Third_Party/FreeRTOS/Source/portable/MemMang/heap_4.o
 .bss.__malloc_free_list
                0x0000000020004ffc        0x4 c:/st/stm32cubeide_1.5.1/stm32cubeide/plugins/com.st.stm32cube.ide.mcu.externaltools.gnu-tools-for-stm32.7-2018-q2-update.win32_1.5.0.202011040924/tools/bin/../lib/gcc/arm-none-eabi/7.3.1/../../../../arm-none-eabi/lib/thumb/v7-m\libc_nano.a(lib_a-nano-mallocr.o)
                0x0000000020004ffc                __malloc_free_list
 .bss.__malloc_sbrk_start
                0x0000000020005000        0x4 c:/st/stm32cubeide_1.5.1/stm32cubeide/plugins/com.st.stm32cube.ide.mcu.externaltools.gnu-tools-for-stm32.7-2018-q2-update.win32_1.5.0.202011040924/tools/bin/../lib/gcc/arm-none-eabi/7.3.1/../../../../arm-none-eabi/lib/thumb/v7-m\libc_nano.a(lib_a-nano-mallocr.o)
                0x0000000020005000                __malloc_sbrk_start
 *(COMMON)
 COMMON         0x0000000020005004      0x344 Core/Src/main.o
                0x0000000020005004                hdma_usart2_rx
                0x0000000020005064                hdma_usart6_rx
                0x00000000200050c4                huart3
                0x0000000020005104                lwow_taskHandle
                0x0000000020005108                hdma_usart1_tx
                0x0000000020005168                hdma_usart6_tx
                0x00000000200051c8                hdma_usart1_rx
                0x0000000020005228                hdma_usart2_tx
                0x0000000020005288                huart1
                0x00000000200052c8                huart6
                0x0000000020005308                huart2
 COMMON         0x0000000020005348       0x48 Core/Src/stm32f2xx_hal_timebase_tim.o
                0x0000000020005348                htim6
 COMMON         0x0000000020005390        0x4 Drivers/STM32F2xx_HAL_Driver/Src/stm32f2xx_hal.o
                0x0000000020005390                uwTick
 COMMON         0x0000000020005394       0x40 Middlewares/Third_Party/FreeRTOS/Source/queue.o
                0x0000000020005394                xQueueRegistry
 COMMON         0x00000000200053d4        0x4 c:/st/stm32cubeide_1.5.1/stm32cubeide/plugins/com.st.stm32cube.ide.mcu.externaltools.gnu-tools-for-stm32.7-2018-q2-update.win32_1.5.0.202011040924/tools/bin/../lib/gcc/arm-none-eabi/7.3.1/../../../../arm-none-eabi/lib/thumb/v7-m\libc_nano.a(lib_a-reent.o)
                0x00000000200053d4                errno
                0x00000000200053d8                . = ALIGN (0x4)
                0x00000000200053d8                _ebss = .
                0x00000000200053d8                __bss_end__ = _ebss

._user_heap_stack
                0x00000000200053d8      0x600 load address 0x0000000008008874
                0x00000000200053d8                . = ALIGN (0x8)
                [!provide]                        PROVIDE (end = .)
                0x00000000200053d8                PROVIDE (_end = .)
                0x00000000200055d8                . = (. + _Min_Heap_Size)
 *fill*         0x00000000200053d8      0x200 
                0x00000000200059d8                . = (. + _Min_Stack_Size)
 *fill*         0x00000000200055d8      0x400 
                0x00000000200059d8                . = ALIGN (0x8)

/DISCARD/
 libc.a(*)
 libm.a(*)
 libgcc.a(*)

.ARM.attributes
                0x0000000000000000       0x29
 *(.ARM.attributes)
 .ARM.attributes
                0x0000000000000000       0x1d c:/st/stm32cubeide_1.5.1/stm32cubeide/plugins/com.st.stm32cube.ide.mcu.externaltools.gnu-tools-for-stm32.7-2018-q2-update.win32_1.5.0.202011040924/tools/bin/../lib/gcc/arm-none-eabi/7.3.1/thumb/v7-m/crti.o
 .ARM.attributes
                0x000000000000001d       0x2d c:/st/stm32cubeide_1.5.1/stm32cubeide/plugins/com.st.stm32cube.ide.mcu.externaltools.gnu-tools-for-stm32.7-2018-q2-update.win32_1.5.0.202011040924/tools/bin/../lib/gcc/arm-none-eabi/7.3.1/thumb/v7-m/crtbegin.o
 .ARM.attributes
                0x000000000000004a       0x33 Core/Src/main.o
 .ARM.attributes
                0x000000000000007d       0x33 Core/Src/stm32f2xx_hal_msp.o
 .ARM.attributes
                0x00000000000000b0       0x33 Core/Src/stm32f2xx_hal_timebase_tim.o
 .ARM.attributes
                0x00000000000000e3       0x33 Core/Src/stm32f2xx_it.o
 .ARM.attributes
                0x0000000000000116       0x33 Core/Src/syscalls.o
 .ARM.attributes
                0x0000000000000149       0x33 Core/Src/sysmem.o
 .ARM.attributes
                0x000000000000017c       0x33 Core/Src/system_stm32f2xx.o
 .ARM.attributes
                0x00000000000001af       0x21 Core/Startup/startup_stm32f207zgtx.o
 .ARM.attributes
                0x00000000000001d0       0x33 Drivers/STM32F2xx_HAL_Driver/Src/stm32f2xx_hal.o
 .ARM.attributes
                0x0000000000000203       0x33 Drivers/STM32F2xx_HAL_Driver/Src/stm32f2xx_hal_cortex.o
 .ARM.attributes
                0x0000000000000236       0x33 Drivers/STM32F2xx_HAL_Driver/Src/stm32f2xx_hal_dma.o
 .ARM.attributes
                0x0000000000000269       0x33 Drivers/STM32F2xx_HAL_Driver/Src/stm32f2xx_hal_gpio.o
 .ARM.attributes
                0x000000000000029c       0x33 Drivers/STM32F2xx_HAL_Driver/Src/stm32f2xx_hal_rcc.o
 .ARM.attributes
                0x00000000000002cf       0x33 Drivers/STM32F2xx_HAL_Driver/Src/stm32f2xx_hal_tim.o
 .ARM.attributes
                0x0000000000000302       0x33 Drivers/STM32F2xx_HAL_Driver/Src/stm32f2xx_hal_tim_ex.o
 .ARM.attributes
                0x0000000000000335       0x33 Drivers/STM32F2xx_HAL_Driver/Src/stm32f2xx_hal_uart.o
 .ARM.attributes
                0x0000000000000368       0x33 Middlewares/Third_Party/FreeRTOS/Source/CMSIS_RTOS_V2/cmsis_os2.o
 .ARM.attributes
                0x000000000000039b       0x33 Middlewares/Third_Party/FreeRTOS/Source/list.o
 .ARM.attributes
                0x00000000000003ce       0x33 Middlewares/Third_Party/FreeRTOS/Source/queue.o
 .ARM.attributes
                0x0000000000000401       0x33 Middlewares/Third_Party/FreeRTOS/Source/tasks.o
 .ARM.attributes
                0x0000000000000434       0x33 Middlewares/Third_Party/FreeRTOS/Source/timers.o
 .ARM.attributes
                0x0000000000000467       0x33 Middlewares/Third_Party/FreeRTOS/Source/portable/GCC/ARM_CM3/port.o
 .ARM.attributes
                0x000000000000049a       0x33 Middlewares/Third_Party/FreeRTOS/Source/portable/MemMang/heap_4.o
 .ARM.attributes
                0x00000000000004cd       0x33 lwow/Src/lwow.o
 .ARM.attributes
                0x0000000000000500       0x33 lwow/Src/lwow_ll_stm32_hal.o
 .ARM.attributes
                0x0000000000000533       0x33 lwow/Src/lwow_sys_cmsis_os.o
 .ARM.attributes
                0x0000000000000566       0x33 lwow/Src/scan_devices.o
 .ARM.attributes
                0x0000000000000599       0x2d c:/st/stm32cubeide_1.5.1/stm32cubeide/plugins/com.st.stm32cube.ide.mcu.externaltools.gnu-tools-for-stm32.7-2018-q2-update.win32_1.5.0.202011040924/tools/bin/../lib/gcc/arm-none-eabi/7.3.1/../../../../arm-none-eabi/lib/thumb/v7-m\libc_nano.a(lib_a-errno.o)
 .ARM.attributes
                0x00000000000005c6       0x2d c:/st/stm32cubeide_1.5.1/stm32cubeide/plugins/com.st.stm32cube.ide.mcu.externaltools.gnu-tools-for-stm32.7-2018-q2-update.win32_1.5.0.202011040924/tools/bin/../lib/gcc/arm-none-eabi/7.3.1/../../../../arm-none-eabi/lib/thumb/v7-m\libc_nano.a(lib_a-impure.o)
 .ARM.attributes
                0x00000000000005f3       0x2d c:/st/stm32cubeide_1.5.1/stm32cubeide/plugins/com.st.stm32cube.ide.mcu.externaltools.gnu-tools-for-stm32.7-2018-q2-update.win32_1.5.0.202011040924/tools/bin/../lib/gcc/arm-none-eabi/7.3.1/../../../../arm-none-eabi/lib/thumb/v7-m\libc_nano.a(lib_a-init.o)
 .ARM.attributes
                0x0000000000000620       0x2d c:/st/stm32cubeide_1.5.1/stm32cubeide/plugins/com.st.stm32cube.ide.mcu.externaltools.gnu-tools-for-stm32.7-2018-q2-update.win32_1.5.0.202011040924/tools/bin/../lib/gcc/arm-none-eabi/7.3.1/../../../../arm-none-eabi/lib/thumb/v7-m\libc_nano.a(lib_a-memcpy-stub.o)
 .ARM.attributes
                0x000000000000064d       0x2d c:/st/stm32cubeide_1.5.1/stm32cubeide/plugins/com.st.stm32cube.ide.mcu.externaltools.gnu-tools-for-stm32.7-2018-q2-update.win32_1.5.0.202011040924/tools/bin/../lib/gcc/arm-none-eabi/7.3.1/../../../../arm-none-eabi/lib/thumb/v7-m\libc_nano.a(lib_a-memset.o)
 .ARM.attributes
                0x000000000000067a       0x2d c:/st/stm32cubeide_1.5.1/stm32cubeide/plugins/com.st.stm32cube.ide.mcu.externaltools.gnu-tools-for-stm32.7-2018-q2-update.win32_1.5.0.202011040924/tools/bin/../lib/gcc/arm-none-eabi/7.3.1/../../../../arm-none-eabi/lib/thumb/v7-m\libc_nano.a(lib_a-printf.o)
 .ARM.attributes
                0x00000000000006a7       0x2d c:/st/stm32cubeide_1.5.1/stm32cubeide/plugins/com.st.stm32cube.ide.mcu.externaltools.gnu-tools-for-stm32.7-2018-q2-update.win32_1.5.0.202011040924/tools/bin/../lib/gcc/arm-none-eabi/7.3.1/../../../../arm-none-eabi/lib/thumb/v7-m\libc_nano.a(lib_a-puts.o)
 .ARM.attributes
                0x00000000000006d4       0x2d c:/st/stm32cubeide_1.5.1/stm32cubeide/plugins/com.st.stm32cube.ide.mcu.externaltools.gnu-tools-for-stm32.7-2018-q2-update.win32_1.5.0.202011040924/tools/bin/../lib/gcc/arm-none-eabi/7.3.1/../../../../arm-none-eabi/lib/thumb/v7-m\libc_nano.a(lib_a-vprintf.o)
 .ARM.attributes
                0x0000000000000701       0x2d c:/st/stm32cubeide_1.5.1/stm32cubeide/plugins/com.st.stm32cube.ide.mcu.externaltools.gnu-tools-for-stm32.7-2018-q2-update.win32_1.5.0.202011040924/tools/bin/../lib/gcc/arm-none-eabi/7.3.1/../../../../arm-none-eabi/lib/thumb/v7-m\libc_nano.a(lib_a-wbuf.o)
 .ARM.attributes
                0x000000000000072e       0x2d c:/st/stm32cubeide_1.5.1/stm32cubeide/plugins/com.st.stm32cube.ide.mcu.externaltools.gnu-tools-for-stm32.7-2018-q2-update.win32_1.5.0.202011040924/tools/bin/../lib/gcc/arm-none-eabi/7.3.1/../../../../arm-none-eabi/lib/thumb/v7-m\libc_nano.a(lib_a-wsetup.o)
 .ARM.attributes
                0x000000000000075b       0x2d c:/st/stm32cubeide_1.5.1/stm32cubeide/plugins/com.st.stm32cube.ide.mcu.externaltools.gnu-tools-for-stm32.7-2018-q2-update.win32_1.5.0.202011040924/tools/bin/../lib/gcc/arm-none-eabi/7.3.1/../../../../arm-none-eabi/lib/thumb/v7-m\libc_nano.a(lib_a-fflush.o)
 .ARM.attributes
                0x0000000000000788       0x2d c:/st/stm32cubeide_1.5.1/stm32cubeide/plugins/com.st.stm32cube.ide.mcu.externaltools.gnu-tools-for-stm32.7-2018-q2-update.win32_1.5.0.202011040924/tools/bin/../lib/gcc/arm-none-eabi/7.3.1/../../../../arm-none-eabi/lib/thumb/v7-m\libc_nano.a(lib_a-findfp.o)
 .ARM.attributes
                0x00000000000007b5       0x2d c:/st/stm32cubeide_1.5.1/stm32cubeide/plugins/com.st.stm32cube.ide.mcu.externaltools.gnu-tools-for-stm32.7-2018-q2-update.win32_1.5.0.202011040924/tools/bin/../lib/gcc/arm-none-eabi/7.3.1/../../../../arm-none-eabi/lib/thumb/v7-m\libc_nano.a(lib_a-fwalk.o)
 .ARM.attributes
                0x00000000000007e2       0x2d c:/st/stm32cubeide_1.5.1/stm32cubeide/plugins/com.st.stm32cube.ide.mcu.externaltools.gnu-tools-for-stm32.7-2018-q2-update.win32_1.5.0.202011040924/tools/bin/../lib/gcc/arm-none-eabi/7.3.1/../../../../arm-none-eabi/lib/thumb/v7-m\libc_nano.a(lib_a-makebuf.o)
 .ARM.attributes
                0x000000000000080f       0x2d c:/st/stm32cubeide_1.5.1/stm32cubeide/plugins/com.st.stm32cube.ide.mcu.externaltools.gnu-tools-for-stm32.7-2018-q2-update.win32_1.5.0.202011040924/tools/bin/../lib/gcc/arm-none-eabi/7.3.1/../../../../arm-none-eabi/lib/thumb/v7-m\libc_nano.a(lib_a-nano-freer.o)
 .ARM.attributes
                0x000000000000083c       0x2d c:/st/stm32cubeide_1.5.1/stm32cubeide/plugins/com.st.stm32cube.ide.mcu.externaltools.gnu-tools-for-stm32.7-2018-q2-update.win32_1.5.0.202011040924/tools/bin/../lib/gcc/arm-none-eabi/7.3.1/../../../../arm-none-eabi/lib/thumb/v7-m\libc_nano.a(lib_a-nano-mallocr.o)
 .ARM.attributes
                0x0000000000000869       0x2d c:/st/stm32cubeide_1.5.1/stm32cubeide/plugins/com.st.stm32cube.ide.mcu.externaltools.gnu-tools-for-stm32.7-2018-q2-update.win32_1.5.0.202011040924/tools/bin/../lib/gcc/arm-none-eabi/7.3.1/../../../../arm-none-eabi/lib/thumb/v7-m\libc_nano.a(lib_a-nano-vfprintf.o)
 .ARM.attributes
                0x0000000000000896       0x2d c:/st/stm32cubeide_1.5.1/stm32cubeide/plugins/com.st.stm32cube.ide.mcu.externaltools.gnu-tools-for-stm32.7-2018-q2-update.win32_1.5.0.202011040924/tools/bin/../lib/gcc/arm-none-eabi/7.3.1/../../../../arm-none-eabi/lib/thumb/v7-m\libc_nano.a(lib_a-nano-vfprintf_i.o)
 .ARM.attributes
                0x00000000000008c3       0x2d c:/st/stm32cubeide_1.5.1/stm32cubeide/plugins/com.st.stm32cube.ide.mcu.externaltools.gnu-tools-for-stm32.7-2018-q2-update.win32_1.5.0.202011040924/tools/bin/../lib/gcc/arm-none-eabi/7.3.1/../../../../arm-none-eabi/lib/thumb/v7-m\libc_nano.a(lib_a-sbrkr.o)
 .ARM.attributes
                0x00000000000008f0       0x2d c:/st/stm32cubeide_1.5.1/stm32cubeide/plugins/com.st.stm32cube.ide.mcu.externaltools.gnu-tools-for-stm32.7-2018-q2-update.win32_1.5.0.202011040924/tools/bin/../lib/gcc/arm-none-eabi/7.3.1/../../../../arm-none-eabi/lib/thumb/v7-m\libc_nano.a(lib_a-stdio.o)
 .ARM.attributes
                0x000000000000091d       0x2d c:/st/stm32cubeide_1.5.1/stm32cubeide/plugins/com.st.stm32cube.ide.mcu.externaltools.gnu-tools-for-stm32.7-2018-q2-update.win32_1.5.0.202011040924/tools/bin/../lib/gcc/arm-none-eabi/7.3.1/../../../../arm-none-eabi/lib/thumb/v7-m\libc_nano.a(lib_a-writer.o)
 .ARM.attributes