main.c:95:6:safeprintf	16	static
main.c:110:5:main	8	static
main.c:195:6:SystemClock_Config	80	static
main.c:233:13:MX_USART1_UART_Init	8	static
main.c:264:13:MX_USART2_UART_Init	8	static
main.c:295:13:MX_USART3_UART_Init	8	static
main.c:326:13:MX_USART6_UART_Init	8	static
main.c:355:13:MX_DMA_Init	16	static
main.c:388:13:MX_GPIO_Init	56	static
main.c:432:5:__io_putchar	24	static
main.c:449:6:start_lwow_task	32	static
main.c:501:6:HAL_TIM_PeriodElapsedCallback	16	static
main.c:517:6:Error_Handler	4	static,ignoring_inline_asm
