lwow.c:57:16:prv_send_bit	40	static
lwow.c:82:9:lwow_init	24	static
lwow.c:109:6:lwow_deinit	16	static
lwow.c:127:9:lwow_protect	16	static
lwow.c:148:9:lwow_unprotect	16	static
lwow.c:167:9:lwow_reset_raw	32	static
lwow.c:195:9:lwow_reset	24	static
lwow.c:213:9:lwow_write_byte_ex_raw	48	static
lwow.c:258:9:lwow_write_byte_ex	32	static
lwow.c:276:9:lwow_read_byte_ex_raw	16	static
lwow.c:293:9:lwow_read_byte_ex	24	static
lwow.c:311:9:lwow_read_bit_ex_raw	16	static
lwow.c:322:9:lwow_read_bit_ex	24	static
lwow.c:339:9:lwow_search_reset_raw	16	static
lwow.c:350:9:lwow_search_reset	24	static
lwow.c:368:9:lwow_search_raw	16	static
lwow.c:377:9:lwow_search	24	static
lwow.c:396:9:lwow_search_with_command_raw	40	static
lwow.c:495:9:lwow_search_with_command	32	static
lwow.c:514:9:lwow_match_rom_raw	24	static
lwow.c:535:9:lwow_match_rom	24	static
lwow.c:552:9:lwow_skip_rom_raw	16	static
lwow.c:562:9:lwow_skip_rom	24	static
lwow.c:580:9:lwow_crc	32	static
lwow.c:615:9:lwow_search_with_command_callback	48	static
lwow.c:656:9:lwow_search_with_callback	32	static
lwow.c:671:9:lwow_search_devices_with_command_raw	32	static
lwow.c:700:9:lwow_search_devices_with_command	40	static
lwow.c:724:9:lwow_search_devices_raw	32	static
lwow.c:738:9:lwow_search_devices	32	static
lwow.c:762:9:lwow_write_byte_raw	24	static
lwow.c:773:9:lwow_write_byte	24	static
lwow.c:785:9:lwow_read_byte_raw	24	static
lwow.c:796:9:lwow_read_byte	24	static
lwow.c:808:9:lwow_read_bit_raw	24	static
lwow.c:819:9:lwow_read_bit	24	static
